------------------------------------------------------------
TimeQuest Timing Analyzer Summary
------------------------------------------------------------

Type  : Slow 1200mV 85C Model Setup 'CLOCK_50'
Slack : -2.388
TNS   : -44.504

Type  : Slow 1200mV 85C Model Setup 'p1|altpll_component|pll|clk[0]'
Slack : 35.864
TNS   : 0.000

Type  : Slow 1200mV 85C Model Hold 'p1|altpll_component|pll|clk[0]'
Slack : 0.356
TNS   : 0.000

Type  : Slow 1200mV 85C Model Hold 'CLOCK_50'
Slack : 0.359
TNS   : 0.000

Type  : Slow 1200mV 85C Model Recovery 'p1|altpll_component|pll|clk[0]'
Slack : -4.227
TNS   : -211.708

Type  : Slow 1200mV 85C Model Removal 'p1|altpll_component|pll|clk[0]'
Slack : 2.928
TNS   : 0.000

Type  : Slow 1200mV 85C Model Minimum Pulse Width 'CLOCK_50'
Slack : -3.000
TNS   : -24.000

Type  : Slow 1200mV 85C Model Minimum Pulse Width 'CLOCK_27'
Slack : 18.256
TNS   : 0.000

Type  : Slow 1200mV 85C Model Minimum Pulse Width 'p1|altpll_component|pll|clk[0]'
Slack : 19.593
TNS   : 0.000

Type  : Slow 1200mV 0C Model Setup 'CLOCK_50'
Slack : -2.053
TNS   : -37.813

Type  : Slow 1200mV 0C Model Setup 'p1|altpll_component|pll|clk[0]'
Slack : 36.201
TNS   : 0.000

Type  : Slow 1200mV 0C Model Hold 'p1|altpll_component|pll|clk[0]'
Slack : 0.311
TNS   : 0.000

Type  : Slow 1200mV 0C Model Hold 'CLOCK_50'
Slack : 0.318
TNS   : 0.000

Type  : Slow 1200mV 0C Model Recovery 'p1|altpll_component|pll|clk[0]'
Slack : -3.735
TNS   : -186.509

Type  : Slow 1200mV 0C Model Removal 'p1|altpll_component|pll|clk[0]'
Slack : 2.557
TNS   : 0.000

Type  : Slow 1200mV 0C Model Minimum Pulse Width 'CLOCK_50'
Slack : -3.000
TNS   : -24.000

Type  : Slow 1200mV 0C Model Minimum Pulse Width 'CLOCK_27'
Slack : 18.224
TNS   : 0.000

Type  : Slow 1200mV 0C Model Minimum Pulse Width 'p1|altpll_component|pll|clk[0]'
Slack : 19.587
TNS   : 0.000

Type  : Fast 1200mV 0C Model Setup 'CLOCK_50'
Slack : -0.891
TNS   : -15.748

Type  : Fast 1200mV 0C Model Setup 'p1|altpll_component|pll|clk[0]'
Slack : 37.566
TNS   : 0.000

Type  : Fast 1200mV 0C Model Hold 'p1|altpll_component|pll|clk[0]'
Slack : 0.186
TNS   : 0.000

Type  : Fast 1200mV 0C Model Hold 'CLOCK_50'
Slack : 0.192
TNS   : 0.000

Type  : Fast 1200mV 0C Model Recovery 'p1|altpll_component|pll|clk[0]'
Slack : -2.507
TNS   : -125.208

Type  : Fast 1200mV 0C Model Removal 'p1|altpll_component|pll|clk[0]'
Slack : 1.636
TNS   : 0.000

Type  : Fast 1200mV 0C Model Minimum Pulse Width 'CLOCK_50'
Slack : -3.000
TNS   : -29.690

Type  : Fast 1200mV 0C Model Minimum Pulse Width 'CLOCK_27'
Slack : 17.929
TNS   : 0.000

Type  : Fast 1200mV 0C Model Minimum Pulse Width 'p1|altpll_component|pll|clk[0]'
Slack : 19.623
TNS   : 0.000

------------------------------------------------------------
