Archive member included because of file (symbol)

c:/altera/12.1/nios2eds/bin/gnu/h-i686-mingw32/bin/../lib/gcc/nios2-elf/4.1.2/mno-hw-mul\libgcc.a(_addsub_sf.o)
                              obj/default/application/jpegclib/jfdctflt.o (__subsf3)
c:/altera/12.1/nios2eds/bin/gnu/h-i686-mingw32/bin/../lib/gcc/nios2-elf/4.1.2/mno-hw-mul\libgcc.a(_mul_sf.o)
                              obj/default/application/jpegclib/jcdctmgr.o (__mulsf3)
c:/altera/12.1/nios2eds/bin/gnu/h-i686-mingw32/bin/../lib/gcc/nios2-elf/4.1.2/mno-hw-mul\libgcc.a(_si_to_sf.o)
                              obj/default/application/jpegclib/jfdctflt.o (__floatsisf)
c:/altera/12.1/nios2eds/bin/gnu/h-i686-mingw32/bin/../lib/gcc/nios2-elf/4.1.2/mno-hw-mul\libgcc.a(_sf_to_si.o)
                              obj/default/application/jpegclib/jcdctmgr.o (__fixsfsi)
c:/altera/12.1/nios2eds/bin/gnu/h-i686-mingw32/bin/../lib/gcc/nios2-elf/4.1.2/mno-hw-mul\libgcc.a(_thenan_sf.o)
                              c:/altera/12.1/nios2eds/bin/gnu/h-i686-mingw32/bin/../lib/gcc/nios2-elf/4.1.2/mno-hw-mul\libgcc.a(_addsub_sf.o) (__thenan_sf)
c:/altera/12.1/nios2eds/bin/gnu/h-i686-mingw32/bin/../lib/gcc/nios2-elf/4.1.2/mno-hw-mul\libgcc.a(_mul_df.o)
                              obj/default/application/jpegclib/jcdctmgr.o (__muldf3)
c:/altera/12.1/nios2eds/bin/gnu/h-i686-mingw32/bin/../lib/gcc/nios2-elf/4.1.2/mno-hw-mul\libgcc.a(_div_df.o)
                              obj/default/application/jpegclib/jcdctmgr.o (__divdf3)
c:/altera/12.1/nios2eds/bin/gnu/h-i686-mingw32/bin/../lib/gcc/nios2-elf/4.1.2/mno-hw-mul\libgcc.a(_df_to_sf.o)
                              obj/default/application/jpegclib/jcdctmgr.o (__truncdfsf2)
c:/altera/12.1/nios2eds/bin/gnu/h-i686-mingw32/bin/../lib/gcc/nios2-elf/4.1.2/mno-hw-mul\libgcc.a(_thenan_df.o)
                              c:/altera/12.1/nios2eds/bin/gnu/h-i686-mingw32/bin/../lib/gcc/nios2-elf/4.1.2/mno-hw-mul\libgcc.a(_mul_df.o) (__thenan_df)
c:/altera/12.1/nios2eds/bin/gnu/h-i686-mingw32/bin/../lib/gcc/nios2-elf/4.1.2/mno-hw-mul\libgcc.a(_usi_to_df.o)
                              obj/default/application/jpegclib/jcdctmgr.o (__floatunsidf)
c:/altera/12.1/nios2eds/bin/gnu/h-i686-mingw32/bin/../lib/gcc/nios2-elf/4.1.2/mno-hw-mul\libgcc.a(lib2-divmod.o)
                              obj/default/application/jpegclib/jcdctmgr.o (__divsi3)
c:/altera/12.1/nios2eds/bin/gnu/h-i686-mingw32/bin/../lib/gcc/nios2-elf/4.1.2/mno-hw-mul\libgcc.a(lib2-mul.o)
                              obj/default/application/bmp_extract.o (__mulsi3)
c:/altera/12.1/nios2eds/bin/gnu/h-i686-mingw32/bin/../lib/gcc/nios2-elf/4.1.2/mno-hw-mul\libgcc.a(_muldi3.o)
                              c:/altera/12.1/nios2eds/bin/gnu/h-i686-mingw32/bin/../lib/gcc/nios2-elf/4.1.2/mno-hw-mul\libgcc.a(_mul_sf.o) (__muldi3)
c:/altera/12.1/nios2eds/bin/gnu/h-i686-mingw32/bin/../lib/gcc/nios2-elf/4.1.2/mno-hw-mul\libgcc.a(_clzsi2.o)
                              c:/altera/12.1/nios2eds/bin/gnu/h-i686-mingw32/bin/../lib/gcc/nios2-elf/4.1.2/mno-hw-mul\libgcc.a(_si_to_sf.o) (__clzsi2)
c:/altera/12.1/nios2eds/bin/gnu/h-i686-mingw32/bin/../lib/gcc/nios2-elf/4.1.2/mno-hw-mul\libgcc.a(_pack_sf.o)
                              c:/altera/12.1/nios2eds/bin/gnu/h-i686-mingw32/bin/../lib/gcc/nios2-elf/4.1.2/mno-hw-mul\libgcc.a(_addsub_sf.o) (__pack_f)
c:/altera/12.1/nios2eds/bin/gnu/h-i686-mingw32/bin/../lib/gcc/nios2-elf/4.1.2/mno-hw-mul\libgcc.a(_unpack_sf.o)
                              c:/altera/12.1/nios2eds/bin/gnu/h-i686-mingw32/bin/../lib/gcc/nios2-elf/4.1.2/mno-hw-mul\libgcc.a(_addsub_sf.o) (__unpack_f)
c:/altera/12.1/nios2eds/bin/gnu/h-i686-mingw32/bin/../lib/gcc/nios2-elf/4.1.2/mno-hw-mul\libgcc.a(_make_sf.o)
                              c:/altera/12.1/nios2eds/bin/gnu/h-i686-mingw32/bin/../lib/gcc/nios2-elf/4.1.2/mno-hw-mul\libgcc.a(_df_to_sf.o) (__make_fp)
c:/altera/12.1/nios2eds/bin/gnu/h-i686-mingw32/bin/../lib/gcc/nios2-elf/4.1.2/mno-hw-mul\libgcc.a(_pack_df.o)
                              c:/altera/12.1/nios2eds/bin/gnu/h-i686-mingw32/bin/../lib/gcc/nios2-elf/4.1.2/mno-hw-mul\libgcc.a(_mul_df.o) (__pack_d)
c:/altera/12.1/nios2eds/bin/gnu/h-i686-mingw32/bin/../lib/gcc/nios2-elf/4.1.2/mno-hw-mul\libgcc.a(_unpack_df.o)
                              c:/altera/12.1/nios2eds/bin/gnu/h-i686-mingw32/bin/../lib/gcc/nios2-elf/4.1.2/mno-hw-mul\libgcc.a(_mul_df.o) (__unpack_d)
c:/altera/12.1/nios2eds/bin/gnu/h-i686-mingw32/bin/../lib/gcc/nios2-elf/4.1.2/mno-hw-mul\libgcc.a(_clz.o)
                              c:/altera/12.1/nios2eds/bin/gnu/h-i686-mingw32/bin/../lib/gcc/nios2-elf/4.1.2/mno-hw-mul\libgcc.a(_clzsi2.o) (__clz_tab)
c:/altera/12.1/nios2eds/bin/gnu/h-i686-mingw32/bin/../lib/gcc/nios2-elf/4.1.2/../../../../nios2-elf/lib/mno-hw-mul\libc.a(lib_a-ctype_.o)
                              obj/default/application/jpegclib/cdjpeg.o (__ctype_ptr)
[...]
Memory Configuration

Name             Origin             Length             Attributes
reset            0x00000000         0x00000020
sdram_control    0x00000020         0x07ffffe0
*default*        0x00000000         0xffffffff

Linker script and memory map

LOAD ../JPEG_Encoder_bsp//obj/HAL/src/crt0.o
LOAD obj/default/application/bmp_extract.o
LOAD obj/default/application/jpeg_encoding.o
LOAD obj/default/application/jpegclib/cdjpeg.o
LOAD obj/default/application/jpegclib/jaricom.o
LOAD obj/default/application/jpegclib/jcapimin.o
LOAD obj/default/application/jpegclib/jcapistd.o
LOAD obj/default/application/jpegclib/jcarith.o
LOAD obj/default/application/jpegclib/jccoefct.o
LOAD obj/default/application/jpegclib/jccolor.o
LOAD obj/default/application/jpegclib/jcdctmgr.o
LOAD obj/default/application/jpegclib/jchuff.o
LOAD obj/default/application/jpegclib/jcinit.o
LOAD obj/default/application/jpegclib/jcmainct.o
LOAD obj/default/application/jpegclib/jcmarker.o
LOAD obj/default/application/jpegclib/jcmaster.o
LOAD obj/default/application/jpegclib/jcomapi.o
LOAD obj/default/application/jpegclib/jcparam.o
LOAD obj/default/application/jpegclib/jcprepct.o
LOAD obj/default/application/jpegclib/jcsample.o
LOAD obj/default/application/jpegclib/jctrans.o
LOAD obj/default/application/jpegclib/jdatadst.o
LOAD obj/default/application/jpegclib/jerror.o
LOAD obj/default/application/jpegclib/jfdctflt.o
LOAD obj/default/application/jpegclib/jfdctfst.o
LOAD obj/default/application/jpegclib/jfdctint.o
LOAD obj/default/application/jpegclib/jidctflt.o
LOAD obj/default/application/jpegclib/jidctfst.o
LOAD obj/default/application/jpegclib/jidctint.o
LOAD obj/default/application/jpegclib/jmemansi.o
LOAD obj/default/application/jpegclib/jmemmgr.o
LOAD obj/default/application/jpegclib/jquant1.o
LOAD obj/default/application/jpegclib/jquant2.o
LOAD obj/default/application/jpegclib/jutils.o
LOAD obj/default/jpeg_encoder.o
LOAD c:/altera/12.1/nios2eds/bin/gnu/h-i686-mingw32/bin/../lib/gcc/nios2-elf/4.1.2/../../../../nios2-elf/lib/mno-hw-mul\libstdc++.a
LOAD c:/altera/12.1/nios2eds/bin/gnu/h-i686-mingw32/bin/../lib/gcc/nios2-elf/4.1.2/../../../../nios2-elf/lib/mno-hw-mul\libm.a
LOAD c:/altera/12.1/nios2eds/bin/gnu/h-i686-mingw32/bin/../lib/gcc/nios2-elf/4.1.2/mno-hw-mul\libgcc.a
START GROUP
LOAD c:/altera/12.1/nios2eds/bin/gnu/h-i686-mingw32/bin/../lib/gcc/nios2-elf/4.1.2/../../../../nios2-elf/lib/mno-hw-mul\libc.a
LOAD c:/altera/12.1/nios2eds/bin/gnu/h-i686-mingw32/bin/../lib/gcc/nios2-elf/4.1.2/mno-hw-mul\libgcc.a
LOAD ../JPEG_Encoder_bsp/\libhal_bsp.a
END GROUP
LOAD c:/altera/12.1/nios2eds/bin/gnu/h-i686-mingw32/bin/../lib/gcc/nios2-elf/4.1.2/mno-hw-mul\libgcc.a
                0x00000000                __alt_mem_sdram_control = 0x0

.entry          0x00000000       0x20
 *(.entry)
 .entry         0x00000000       0x20 ../JPEG_Encoder_bsp//obj/HAL/src/crt0.o
                0x00000000                __reset

.exceptions     0x00000020      0x194
                0x00000020                PROVIDE (__ram_exceptions_start, ABSOLUTE (.))
                0x00000020                . = ALIGN (0x20)
 *(.irq)
 *(.exceptions.entry.label)
 .exceptions.entry.label
                0x00000020        0x0 ../JPEG_Encoder_bsp/\libhal_bsp.a(alt_irq_entry.o)
                0x00000020                alt_irq_entry
 .exceptions.entry.label
                0x00000020        0x0 ../JPEG_Encoder_bsp/\libhal_bsp.a(alt_exception_entry.o)
                0x00000020                alt_exception
 *(.exceptions.entry.user)
 *(.exceptions.entry)
 .exceptions.entry
                0x00000020       0x54 ../JPEG_Encoder_bsp/\libhal_bsp.a(alt_exception_entry.o)
 *(.exceptions.irqtest.user)
 *(.exceptions.irqtest)
 .exceptions.irqtest
                0x00000074       0x10 ../JPEG_Encoder_bsp/\libhal_bsp.a(alt_irq_entry.o)
 *(.exceptions.irqhandler.user)
 *(.exceptions.irqhandler)
 .exceptions.irqhandler
                0x00000084        0x4 ../JPEG_Encoder_bsp/\libhal_bsp.a(alt_irq_entry.o)
 *(.exceptions.irqreturn.user)
 *(.exceptions.irqreturn)
 .exceptions.irqreturn
                0x00000088        0x4 ../JPEG_Encoder_bsp/\libhal_bsp.a(alt_irq_entry.o)
 *(.exceptions.notirq.label)
 .exceptions.notirq.label
                0x0000008c        0x0 ../JPEG_Encoder_bsp/\libhal_bsp.a(alt_irq_entry.o)
 *(.exceptions.notirq.user)
 *(.exceptions.notirq)
 .exceptions.notirq
                0x0000008c        0x8 ../JPEG_Encoder_bsp/\libhal_bsp.a(alt_exception_entry.o)
 *(.exceptions.soft.user)
 *(.exceptions.soft)
 *(.exceptions.unknown.user)
 *(.exceptions.unknown)
 .exceptions.unknown
                0x00000094        0x4 ../JPEG_Encoder_bsp/\libhal_bsp.a(alt_exception_entry.o)
 *(.exceptions.exit.label)
 .exceptions.exit.label
                0x00000098        0x0 ../JPEG_Encoder_bsp/\libhal_bsp.a(alt_irq_entry.o)
 .exceptions.exit.label
                0x00000098        0x0 ../JPEG_Encoder_bsp/\libhal_bsp.a(alt_exception_entry.o)
 *(.exceptions.exit.user)
 *(.exceptions.exit)
 .exceptions.exit
                0x00000098       0x54 ../JPEG_Encoder_bsp/\libhal_bsp.a(alt_exception_entry.o)
 *(.exceptions)
 .exceptions    0x000000ec       0xc8 ../JPEG_Encoder_bsp/\libhal_bsp.a(alt_irq_handler.o)
                0x000000ec                alt_irq_handler
                0x000001b4                PROVIDE (__ram_exceptions_end, ABSOLUTE (.))
                0x00000020                PROVIDE (__flash_exceptions_start, LOADADDR (.exceptions))

.text           0x000001b4    0x3fe3c
                0x000001b4                PROVIDE (stext, ABSOLUTE (.))
 *(.interp)
 *(.hash)
 *(.dynsym)
 *(.dynstr)
 *(.gnu.version)
 *(.gnu.version_d)
 *(.gnu.version_r)
 *(.rel.init)
 *(.rela.init)
 *(.rel.text .rel.text.* .rel.gnu.linkonce.t.*)
 *(.rela.text .rela.text.* .rela.gnu.linkonce.t.*)
 *(.rel.fini)
 *(.rela.fini)
 *(.rel.rodata .rel.rodata.* .rel.gnu.linkonce.r.*)
 *(.rela.rodata .rela.rodata.* .rela.gnu.linkonce.r.*)
 *(.rel.data .rel.data.* .rel.gnu.linkonce.d.*)
 *(.rela.data .rela.data.* .rela.gnu.linkonce.d.*)
 *(.rel.tdata .rel.tdata.* .rel.gnu.linkonce.td.*)
 *(.rela.tdata .rela.tdata.* .rela.gnu.linkonce.td.*)
 *(.rel.tbss .rel.tbss.* .rel.gnu.linkonce.tb.*)
 *(.rela.tbss .rela.tbss.* .rela.gnu.linkonce.tb.*)
 *(.rel.ctors)
 *(.rela.ctors)
 *(.rel.dtors)
 *(.rela.dtors)
 *(.rel.got)
 *(.rela.got)
 *(.rel.sdata .rel.sdata.* .rel.gnu.linkonce.s.*)
 *(.rela.sdata .rela.sdata.* .rela.gnu.linkonce.s.*)
 *(.rel.sbss .rel.sbss.* .rel.gnu.linkonce.sb.*)
 *(.rela.sbss .rela.sbss.* .rela.gnu.linkonce.sb.*)
 *(.rel.sdata2 .rel.sdata2.* .rel.gnu.linkonce.s2.*)
 *(.rela.sdata2 .rela.sdata2.* .rela.gnu.linkonce.s2.*)
 *(.rel.sbss2 .rel.sbss2.* .rel.gnu.linkonce.sb2.*)
 *(.rela.sbss2 .rela.sbss2.* .rela.gnu.linkonce.sb2.*)
 *(.rel.bss .rel.bss.* .rel.gnu.linkonce.b.*)
 *(.rela.bss .rela.bss.* .rela.gnu.linkonce.b.*)
 *(.rel.plt)
 *(.rela.plt)
 *(.rel.dyn)
 *(.init)
 *(.plt)
 *(.text .stub .text.* .gnu.linkonce.t.*)
 .text          0x000001b4       0x3c ../JPEG_Encoder_bsp//obj/HAL/src/crt0.o
                0x000001b4                _start
 .text          0x000001f0      0x4a0 obj/default/application/bmp_extract.o
                0x000001f0                bmp_extract_header
                0x0000032c                bmp_rearrange_comps
                0x000004f8                bmp_extract
 .text          0x00000690      0x154 obj/default/application/jpeg_encoding.o
                0x00000690                jpeg_encode
 .text          0x000007e4      0x1d8 obj/default/application/jpegclib/cdjpeg.o
                0x000007e4                keymatch
                0x00000954                read_stdin
                0x00000988                write_stdout
 .text          0x000009bc        0x0 obj/default/application/jpegclib/jaricom.o
 .text          0x000009bc      0x8a0 obj/default/application/jpegclib/jcapimin.o
                0x000009bc                jpeg_CreateCompress
                0x00000c00                jpeg_destroy_compress
                0x00000c30                jpeg_abort_compress
                0x00000c60                jpeg_suppress_tables
                0x00000d6c                jpeg_finish_compress
                0x00000f74                jpeg_write_marker
                0x0000108c                jpeg_write_m_header
                0x00001150                jpeg_write_m_byte
                0x00001194                jpeg_write_tables
 .text          0x0000125c      0x468 obj/default/application/jpegclib/jcapistd.o
                0x0000125c                jpeg_start_compress
                0x00001368                jpeg_write_scanlines
                0x00001500                jpeg_write_raw_data
 .text          0x000016c4     0x2638 obj/default/application/jpegclib/jcarith.o
                0x00003c24                jinit_arith_encoder
 .text          0x00003cfc      0xf7c obj/default/application/jpegclib/jccoefct.o
                0x00004aa0                jinit_c_coef_controller
 .text          0x00004c78     0x10b4 obj/default/application/jpegclib/jccolor.o
                0x000057a8                jinit_color_converter
 .text          0x00005d2c      0xb78 obj/default/application/jpegclib/jcdctmgr.o
                0x000067e8                jinit_forward_dct
 .text          0x000068a4     0x3808 obj/default/application/jpegclib/jchuff.o
                0x00009f6c                jinit_huff_encoder
 .text          0x0000a0ac      0x118 obj/default/application/jpegclib/jcinit.o
                0x0000a0ac                jinit_compress_master
 .text          0x0000a1c4      0x3a8 obj/default/application/jpegclib/jcmainct.o
                0x0000a3ec                jinit_c_main_controller
 .text          0x0000a56c     0x1438 obj/default/application/jpegclib/jcmarker.o
                0x0000b8d8                jinit_marker_writer
 .text          0x0000b9a4     0x1e28 obj/default/application/jpegclib/jcmaster.o
                0x0000b9a4                jpeg_calc_jpeg_dimensions
                0x0000d60c                jinit_c_master_control
 .text          0x0000d7cc      0x1b0 obj/default/application/jpegclib/jcomapi.o
                0x0000d7cc                jpeg_abort
                0x0000d878                jpeg_destroy
                0x0000d8d4                jpeg_alloc_quant_table
                0x0000d928                jpeg_alloc_huff_table
 .text          0x0000d97c     0x1574 obj/default/application/jpegclib/jcparam.o
                0x0000d97c                jpeg_add_quant_table
                0x0000db58                jpeg_default_qtables
                0x0000dbcc                jpeg_set_linear_quality
                0x0000dc3c                jpeg_quality_scaling
                0x0000dcc8                jpeg_set_quality
                0x0000deec                jpeg_set_defaults
                0x0000e0f0                jpeg_default_colorspace
                0x0000e1f0                jpeg_set_colorspace
                0x0000eb24                jpeg_simple_progression
 .text          0x0000eef0      0xc28 obj/default/application/jpegclib/jcprepct.o
                0x0000f964                jinit_c_prep_controller
 .text          0x0000fb18     0x16b8 obj/default/application/jpegclib/jcsample.o
                0x00010de0                jinit_downsampler
 .text          0x000111d0      0xc68 obj/default/application/jpegclib/jctrans.o
                0x000111d0                jpeg_write_coefficients
                0x00011298                jpeg_copy_critical_parameters
 .text          0x00011e38      0x620 obj/default/application/jpegclib/jdatadst.o
                0x000121d8                jpeg_stdio_dest
                0x00012284                jpeg_mem_dest
 .text          0x00012458      0x44c obj/default/application/jpegclib/jerror.o
                0x000127e4                jpeg_std_error
 .text          0x000128a4      0x730 obj/default/application/jpegclib/jfdctflt.o
                0x000128a4                jpeg_fdct_float
 .text          0x00012fd4      0x698 obj/default/application/jpegclib/jfdctfst.o
                0x00012fd4                jpeg_fdct_ifast
 .text          0x0001366c      0x808 obj/default/application/jpegclib/jfdctint.o
                0x0001366c                jpeg_fdct_islow
 .text          0x00013e74      0xaf0 obj/default/application/jpegclib/jidctflt.o
                0x00013e74                jpeg_idct_float
 .text          0x00014964      0xaf8 obj/default/application/jpegclib/jidctfst.o
                0x00014964                jpeg_idct_ifast
 .text          0x0001545c     0xfffc obj/default/application/jpegclib/jidctint.o
                0x0001545c                jpeg_idct_islow
                0x0001609c                jpeg_idct_7x7
                0x000168d8                jpeg_idct_6x6
                0x00016ec4                jpeg_idct_5x5
                0x00017408                jpeg_idct_4x4
                0x00017814                jpeg_idct_3x3
                0x00017b40                jpeg_idct_2x2
                0x00017d68                jpeg_idct_1x1
                0x00017e18                jpeg_idct_9x9
                0x00018718                jpeg_idct_10x10
                0x0001914c                jpeg_idct_11x11
                0x00019d6c                jpeg_idct_12x12
                0x0001a8f8                jpeg_idct_13x13
                0x0001b6e8                jpeg_idct_14x14
                0x0001c44c                jpeg_idct_15x15
                0x0001d254                jpeg_idct_16x16
                0x0001e260                jpeg_idct_16x8
                0x0001f11c                jpeg_idct_14x7
                0x0001fc20                jpeg_idct_12x6
                0x00020500                jpeg_idct_10x5
                0x00020cc4                jpeg_idct_8x4
                0x00021358                jpeg_idct_6x3
                0x000217d8                jpeg_idct_4x2
                0x00021ac8                jpeg_idct_2x1
                0x00021be4                jpeg_idct_8x16
                0x0002283c                jpeg_idct_7x14
                0x000232d8                jpeg_idct_6x12
                0x00023b78                jpeg_idct_5x10
                0x0002432c                jpeg_idct_4x8
                0x00024ba4                jpeg_idct_3x6
                0x0002503c                jpeg_idct_2x4
                0x00025338                jpeg_idct_1x2
 .text          0x00025458      0x3d0 obj/default/application/jpegclib/jmemansi.o
                0x00025458                jpeg_get_small
                0x0002548c                jpeg_free_small
                0x000254c4                jpeg_get_large
                0x000254f8                jpeg_free_large
                0x00025530                jpeg_mem_available
                0x00025720                jpeg_open_backing_store
                0x000257e0                jpeg_mem_init
                0x00025808                jpeg_mem_term
 .text          0x00025828     0x1e24 obj/default/application/jpegclib/jmemmgr.o
                0x00027390                jinit_memory_mgr
 .text          0x0002764c     0x1a48 obj/default/application/jpegclib/jquant1.o
                0x00028f50                jinit_1pass_quantizer
 .text          0x00029094     0x2b8c obj/default/application/jpegclib/jquant2.o
                0x0002b978                jinit_2pass_quantizer
 .text          0x0002bc20      0x1f4 obj/default/application/jpegclib/jutils.o
                0x0002bc20                jdiv_round_up
                0x0002bc64                jround_up
                0x0002bcbc                jcopy_sample_rows
                0x0002bd88                jcopy_block_row
                0x0002bdd4                jzero_far
 .text          0x0002be14      0x300 obj/default/jpeg_encoder.o
                0x0002be14                led_light
                0x0002be58                main
                0x0002bf68                convert_picture
 .text          0x0002c114      0x2b8 c:/altera/12.1/nios2eds/bin/gnu/h-i686-mingw32/bin/../lib/gcc/nios2-elf/4.1.2/mno-hw-mul\libgcc.a(_addsub_sf.o)
                0x0002c2f8                __subsf3
                0x0002c368                __addsf3
 .text          0x0002c3cc      0x1e0 c:/altera/12.1/nios2eds/bin/gnu/h-i686-mingw32/bin/../lib/gcc/nios2-elf/4.1.2/mno-hw-mul\libgcc.a(_mul_sf.o)
                0x0002c3cc                __mulsf3
 .text          0x0002c5ac       0x98 c:/altera/12.1/nios2eds/bin/gnu/h-i686-mingw32/bin/../lib/gcc/nios2-elf/4.1.2/mno-hw-mul\libgcc.a(_si_to_sf.o)
                0x0002c5ac                __floatsisf
 .text          0x0002c644       0x94 c:/altera/12.1/nios2eds/bin/gnu/h-i686-mingw32/bin/../lib/gcc/nios2-elf/4.1.2/mno-hw-mul\libgcc.a(_sf_to_si.o)
                0x0002c644                __fixsfsi
 .text          0x0002c6d8        0x0 c:/altera/12.1/nios2eds/bin/gnu/h-i686-mingw32/bin/../lib/gcc/nios2-elf/4.1.2/mno-hw-mul\libgcc.a(_thenan_sf.o)
 .text          0x0002c6d8      0x3c4 c:/altera/12.1/nios2eds/bin/gnu/h-i686-mingw32/bin/../lib/gcc/nios2-elf/4.1.2/mno-hw-mul\libgcc.a(_mul_df.o)
                0x0002c6d8                __muldf3
 .text          0x0002ca9c      0x258 c:/altera/12.1/nios2eds/bin/gnu/h-i686-mingw32/bin/../lib/gcc/nios2-elf/4.1.2/mno-hw-mul\libgcc.a(_div_df.o)
                0x0002ca9c                __divdf3
 .text          0x0002ccf4       0x74 c:/altera/12.1/nios2eds/bin/gnu/h-i686-mingw32/bin/../lib/gcc/nios2-elf/4.1.2/mno-hw-mul\libgcc.a(_df_to_sf.o)
                0x0002ccf4                __truncdfsf2
 .text          0x0002cd68        0x0 c:/altera/12.1/nios2eds/bin/gnu/h-i686-mingw32/bin/../lib/gcc/nios2-elf/4.1.2/mno-hw-mul\libgcc.a(_thenan_df.o)
 .text          0x0002cd68      0x194 c:/altera/12.1/nios2eds/bin/gnu/h-i686-mingw32/bin/../lib/gcc/nios2-elf/4.1.2/mno-hw-mul\libgcc.a(_usi_to_df.o)
                0x0002cd68                __floatunsidf
 .text          0x0002cefc      0x14c c:/altera/12.1/nios2eds/bin/gnu/h-i686-mingw32/bin/../lib/gcc/nios2-elf/4.1.2/mno-hw-mul\libgcc.a(lib2-divmod.o)
                0x0002cf78                __divsi3
                0x0002cfd8                __modsi3
                0x0002d038                __udivsi3
                0x0002d040                __umodsi3
 .text          0x0002d048       0x38 c:/altera/12.1/nios2eds/bin/gnu/h-i686-mingw32/bin/../lib/gcc/nios2-elf/4.1.2/mno-hw-mul\libgcc.a(lib2-mul.o)
                0x0002d048                __mulsi3
 .text          0x0002d080      0x124 c:/altera/12.1/nios2eds/bin/gnu/h-i686-mingw32/bin/../lib/gcc/nios2-elf/4.1.2/mno-hw-mul\libgcc.a(_muldi3.o)
                0x0002d080                __muldi3
 .text          0x0002d1a4       0x80 c:/altera/12.1/nios2eds/bin/gnu/h-i686-mingw32/bin/../lib/gcc/nios2-elf/4.1.2/mno-hw-mul\libgcc.a(_clzsi2.o)
                0x0002d1a4                __clzsi2
 .text          0x0002d224      0x160 c:/altera/12.1/nios2eds/bin/gnu/h-i686-mingw32/bin/../lib/gcc/nios2-elf/4.1.2/mno-hw-mul\libgcc.a(_pack_sf.o)
                0x0002d224                __pack_f
 .text          0x0002d384       0xc8 c:/altera/12.1/nios2eds/bin/gnu/h-i686-mingw32/bin/../lib/gcc/nios2-elf/4.1.2/mno-hw-mul\libgcc.a(_unpack_sf.o)
                0x0002d384                __unpack_f
 .text          0x0002d44c       0x2c c:/altera/12.1/nios2eds/bin/gnu/h-i686-mingw32/bin/../lib/gcc/nios2-elf/4.1.2/mno-hw-mul\libgcc.a(_make_sf.o)
                0x0002d44c                __make_fp
 .text          0x0002d478      0x314 c:/altera/12.1/nios2eds/bin/gnu/h-i686-mingw32/bin/../lib/gcc/nios2-elf/4.1.2/mno-hw-mul\libgcc.a(_pack_df.o)
                0x0002d478                __pack_d
 .text          0x0002d78c      0x138 c:/altera/12.1/nios2eds/bin/gnu/h-i686-mingw32/bin/../lib/gcc/nios2-elf/4.1.2/mno-hw-mul\libgcc.a(_unpack_df.o)
                0x0002d78c                __unpack_d
 .text          0x0002d8c4        0x0 c:/altera/12.1/nios2eds/bin/gnu/h-i686-mingw32/bin/../lib/gcc/nios2-elf/4.1.2/mno-hw-mul\libgcc.a(_clz.o)
 .text          0x0002d8c4        0x0 c:/altera/12.1/nios2eds/bin/gnu/h-i686-mingw32/bin/../lib/gcc/nios2-elf/4.1.2/../../../../nios2-elf/lib/mno-hw-mul\libc.a(lib_a-ctype_.o)
 .text          0x0002d8c4       0x38 c:/altera/12.1/nios2eds/bin/gnu/h-i686-mingw32/bin/../lib/gcc/nios2-elf/4.1.2/../../../../nios2-elf/lib/mno-hw-mul\libc.a(lib_a-exit.o)
                0x0002d8c4                exit
 .text          0x0002d8fc      0x124 c:/altera/12.1/nios2eds/bin/gnu/h-i686-mingw32/bin/../lib/gcc/nios2-elf/4.1.2/../../../../nios2-elf/lib/mno-hw-mul\libc.a(lib_a-fclose.o)
                0x0002d8fc                _fclose_r
                0x0002da0c                fclose
 .text          0x0002da20      0x230 c:/altera/12.1/nios2eds/bin/gnu/h-i686-mingw32/bin/../lib/gcc/nios2-elf/4.1.2/../../../../nios2-elf/lib/mno-hw-mul\libc.a(lib_a-fflush.o)
                0x0002da20                _fflush_r
                0x0002dc1c                fflush
 .text          0x0002dc50      0x2f4 c:/altera/12.1/nios2eds/bin/gnu/h-i686-mingw32/bin/../lib/gcc/nios2-elf/4.1.2/../../../../nios2-elf/lib/mno-hw-mul\libc.a(lib_a-findfp.o)
                0x0002dca8                __sfp_lock_acquire
                0x0002dcac                __sfp_lock_release
                0x0002dcb0                __sinit_lock_acquire
                0x0002dcb4                __sinit_lock_release
                0x0002dcb8                __sinit
                0x0002dd6c                __fp_unlock_all
                0x0002dd84                __fp_lock_all
                0x0002dd9c                _cleanup_r
                0x0002dda8                _cleanup
                0x0002ddb8                __sfmoreglue
                0x0002de54                __sfp
 .text          0x0002df44      0x110 c:/altera/12.1/nios2eds/bin/gnu/h-i686-mingw32/bin/../lib/gcc/nios2-elf/4.1.2/../../../../nios2-elf/lib/mno-hw-mul\libc.a(lib_a-fopen.o)
                0x0002df44                _fopen_r
                0x0002e038                fopen
 .text          0x0002e054       0x60 c:/altera/12.1/nios2eds/bin/gnu/h-i686-mingw32/bin/../lib/gcc/nios2-elf/4.1.2/../../../../nios2-elf/lib/mno-hw-mul\libc.a(lib_a-fprintf.o)
                0x0002e054                fprintf
                0x0002e080                _fprintf_r
 .text          0x0002e0b4      0x24c c:/altera/12.1/nios2eds/bin/gnu/h-i686-mingw32/bin/../lib/gcc/nios2-elf/4.1.2/../../../../nios2-elf/lib/mno-hw-mul\libc.a(lib_a-fread.o)
                0x0002e0b4                _fread_r
                0x0002e2c0                fread
 .text          0x0002e300      0x440 c:/altera/12.1/nios2eds/bin/gnu/h-i686-mingw32/bin/../lib/gcc/nios2-elf/4.1.2/../../../../nios2-elf/lib/mno-hw-mul\libc.a(lib_a-freer.o)
                0x0002e300                _malloc_trim_r
                0x0002e42c                _free_r
 .text          0x0002e740      0x460 c:/altera/12.1/nios2eds/bin/gnu/h-i686-mingw32/bin/../lib/gcc/nios2-elf/4.1.2/../../../../nios2-elf/lib/mno-hw-mul\libc.a(lib_a-fseek.o)
                0x0002e740                _fseek_r
                0x0002eb7c                fseek
 .text          0x0002eba0       0x74 c:/altera/12.1/nios2eds/bin/gnu/h-i686-mingw32/bin/../lib/gcc/nios2-elf/4.1.2/../../../../nios2-elf/lib/mno-hw-mul\libc.a(lib_a-fstatr.o)
                0x0002eba0                _fstat_r
 .text          0x0002ec14      0x10c c:/altera/12.1/nios2eds/bin/gnu/h-i686-mingw32/bin/../lib/gcc/nios2-elf/4.1.2/../../../../nios2-elf/lib/mno-hw-mul\libc.a(lib_a-ftell.o)
                0x0002ec14                _ftell_r
                0x0002ed0c                ftell
 .text          0x0002ed20      0x180 c:/altera/12.1/nios2eds/bin/gnu/h-i686-mingw32/bin/../lib/gcc/nios2-elf/4.1.2/../../../../nios2-elf/lib/mno-hw-mul\libc.a(lib_a-fwalk.o)
                0x0002ed20                _fwalk_reent
                0x0002ede8                _fwalk
 .text          0x0002eea0       0xec c:/altera/12.1/nios2eds/bin/gnu/h-i686-mingw32/bin/../lib/gcc/nios2-elf/4.1.2/../../../../nios2-elf/lib/mno-hw-mul\libc.a(lib_a-fwrite.o)
                0x0002eea0                _fwrite_r
                0x0002ef4c                fwrite
 .text          0x0002ef8c       0x48 c:/altera/12.1/nios2eds/bin/gnu/h-i686-mingw32/bin/../lib/gcc/nios2-elf/4.1.2/../../../../nios2-elf/lib/mno-hw-mul\libc.a(lib_a-getenv.o)
                0x0002ef8c                getenv
                0x0002efb8                _findenv
 .text          0x0002efd4      0x128 c:/altera/12.1/nios2eds/bin/gnu/h-i686-mingw32/bin/../lib/gcc/nios2-elf/4.1.2/../../../../nios2-elf/lib/mno-hw-mul\libc.a(lib_a-getenv_r.o)
                0x0002efd4                _findenv_r
                0x0002f0e0                _getenv_r
 .text          0x0002f0fc        0x0 c:/altera/12.1/nios2eds/bin/gnu/h-i686-mingw32/bin/../lib/gcc/nios2-elf/4.1.2/../../../../nios2-elf/lib/mno-hw-mul\libc.a(lib_a-impure.o)
 .text          0x0002f0fc        0x0 c:/altera/12.1/nios2eds/bin/gnu/h-i686-mingw32/bin/../lib/gcc/nios2-elf/4.1.2/../../../../nios2-elf/lib/mno-hw-mul\libc.a(lib_a-int_errno.o)
 .text          0x0002f0fc      0x194 c:/altera/12.1/nios2eds/bin/gnu/h-i686-mingw32/bin/../lib/gcc/nios2-elf/4.1.2/../../../../nios2-elf/lib/mno-hw-mul\libc.a(lib_a-makebuf.o)
                0x0002f0fc                __smakebuf_r
 .text          0x0002f290       0x28 c:/altera/12.1/nios2eds/bin/gnu/h-i686-mingw32/bin/../lib/gcc/nios2-elf/4.1.2/../../../../nios2-elf/lib/mno-hw-mul\libc.a(lib_a-malloc.o)
                0x0002f290                free
                0x0002f2a4                malloc
 .text          0x0002f2b8      0x740 c:/altera/12.1/nios2eds/bin/gnu/h-i686-mingw32/bin/../lib/gcc/nios2-elf/4.1.2/../../../../nios2-elf/lib/mno-hw-mul\libc.a(lib_a-mallocr.o)
                0x0002f2b8                _malloc_r
 .text          0x0002f9f8       0xa0 c:/altera/12.1/nios2eds/bin/gnu/h-i686-mingw32/bin/../lib/gcc/nios2-elf/4.1.2/../../../../nios2-elf/lib/mno-hw-mul\libc.a(lib_a-memcpy.o)
                0x0002f9f8                memcpy
 .text          0x0002fa98       0x98 c:/altera/12.1/nios2eds/bin/gnu/h-i686-mingw32/bin/../lib/gcc/nios2-elf/4.1.2/../../../../nios2-elf/lib/mno-hw-mul\libc.a(lib_a-memset.o)
                0x0002fa98                memset
 .text          0x0002fb30       0x78 c:/altera/12.1/nios2eds/bin/gnu/h-i686-mingw32/bin/../lib/gcc/nios2-elf/4.1.2/../../../../nios2-elf/lib/mno-hw-mul\libc.a(lib_a-openr.o)
                0x0002fb30                _open_r
 .text          0x0002fba8       0x78 c:/altera/12.1/nios2eds/bin/gnu/h-i686-mingw32/bin/../lib/gcc/nios2-elf/4.1.2/../../../../nios2-elf/lib/mno-hw-mul\libc.a(lib_a-printf.o)
                0x0002fba8                printf
                0x0002fbec                _printf_r
 .text          0x0002fc20       0xb4 c:/altera/12.1/nios2eds/bin/gnu/h-i686-mingw32/bin/../lib/gcc/nios2-elf/4.1.2/../../../../nios2-elf/lib/mno-hw-mul\libc.a(lib_a-puts.o)
                0x0002fc20                _puts_r
                0x0002fcc0                puts
 .text          0x0002fcd4      0x1e0 c:/altera/12.1/nios2eds/bin/gnu/h-i686-mingw32/bin/../lib/gcc/nios2-elf/4.1.2/../../../../nios2-elf/lib/mno-hw-mul\libc.a(lib_a-refill.o)
                0x0002fcd4                __srefill_r
 .text          0x0002feb4       0x4c c:/altera/12.1/nios2eds/bin/gnu/h-i686-mingw32/bin/../lib/gcc/nios2-elf/4.1.2/../../../../nios2-elf/lib/mno-hw-mul\libc.a(lib_a-rewind.o)
                0x0002feb4                _rewind_r
                0x0002feec                rewind
 .text          0x0002ff00       0x70 c:/altera/12.1/nios2eds/bin/gnu/h-i686-mingw32/bin/../lib/gcc/nios2-elf/4.1.2/../../../../nios2-elf/lib/mno-hw-mul\libc.a(lib_a-sbrkr.o)
                0x0002ff00                _sbrk_r
 .text          0x0002ff70       0x7c c:/altera/12.1/nios2eds/bin/gnu/h-i686-mingw32/bin/../lib/gcc/nios2-elf/4.1.2/../../../../nios2-elf/lib/mno-hw-mul\libc.a(lib_a-scanf.o)
                0x0002ff70                _scanf_r
                0x0002ffa4                scanf
 .text          0x0002ffec       0xd4 c:/altera/12.1/nios2eds/bin/gnu/h-i686-mingw32/bin/../lib/gcc/nios2-elf/4.1.2/../../../../nios2-elf/lib/mno-hw-mul\libc.a(lib_a-sprintf.o)
                0x0002ffec                sprintf
                0x00030060                _sprintf_r
 .text          0x000300c0      0x114 c:/altera/12.1/nios2eds/bin/gnu/h-i686-mingw32/bin/../lib/gcc/nios2-elf/4.1.2/../../../../nios2-elf/lib/mno-hw-mul\libc.a(lib_a-sscanf.o)
                0x000300c8                _sscanf_r
                0x00030150                sscanf
 .text          0x000301d4      0x14c c:/altera/12.1/nios2eds/bin/gnu/h-i686-mingw32/bin/../lib/gcc/nios2-elf/4.1.2/../../../../nios2-elf/lib/mno-hw-mul\libc.a(lib_a-stdio.o)
                0x000301d4                __sclose
                0x000301dc                __sseek
                0x00030244                __swrite
                0x000302c0                __sread
 .text          0x00030320       0x90 c:/altera/12.1/nios2eds/bin/gnu/h-i686-mingw32/bin/../lib/gcc/nios2-elf/4.1.2/../../../../nios2-elf/lib/mno-hw-mul\libc.a(lib_a-strcat.o)
                0x00030320                strcat
 .text          0x000303b0       0xbc c:/altera/12.1/nios2eds/bin/gnu/h-i686-mingw32/bin/../lib/gcc/nios2-elf/4.1.2/../../../../nios2-elf/lib/mno-hw-mul\libc.a(lib_a-strcmp.o)
                0x000303b0                strcmp
 .text          0x0003046c       0x8c c:/altera/12.1/nios2eds/bin/gnu/h-i686-mingw32/bin/../lib/gcc/nios2-elf/4.1.2/../../../../nios2-elf/lib/mno-hw-mul\libc.a(lib_a-strcpy.o)
                0x0003046c                strcpy
 .text          0x000304f8       0x74 c:/altera/12.1/nios2eds/bin/gnu/h-i686-mingw32/bin/../lib/gcc/nios2-elf/4.1.2/../../../../nios2-elf/lib/mno-hw-mul\libc.a(lib_a-strlen.o)
                0x000304f8                strlen
 .text          0x0003056c       0xf0 c:/altera/12.1/nios2eds/bin/gnu/h-i686-mingw32/bin/../lib/gcc/nios2-elf/4.1.2/../../../../nios2-elf/lib/mno-hw-mul\libc.a(lib_a-strncmp.o)
                0x0003056c                strncmp
 .text          0x0003065c       0xbc c:/altera/12.1/nios2eds/bin/gnu/h-i686-mingw32/bin/../lib/gcc/nios2-elf/4.1.2/../../../../nios2-elf/lib/mno-hw-mul\libc.a(lib_a-strncpy.o)
                0x0003065c                strncpy
 .text          0x00030718       0xd8 c:/altera/12.1/nios2eds/bin/gnu/h-i686-mingw32/bin/../lib/gcc/nios2-elf/4.1.2/../../../../nios2-elf/lib/mno-hw-mul\libc.a(lib_a-tmpfile.o)
                0x00030718                _tmpfile_r
                0x000307e0                tmpfile
 .text          0x000307f0      0x27c c:/altera/12.1/nios2eds/bin/gnu/h-i686-mingw32/bin/../lib/gcc/nios2-elf/4.1.2/../../../../nios2-elf/lib/mno-hw-mul\libc.a(lib_a-tmpnam.o)
                0x000308c8                _tempnam_r
                0x000309a4                tempnam
                0x000309c0                _tmpnam_r
                0x00030a58                tmpnam
 .text          0x00030a6c     0x1f40 c:/altera/12.1/nios2eds/bin/gnu/h-i686-mingw32/bin/../lib/gcc/nios2-elf/4.1.2/../../../../nios2-elf/lib/mno-hw-mul\libc.a(lib_a-vfprintf.o)
                0x00030ac4                ___vfprintf_internal_r
                0x00032988                __vfprintf_internal
 .text          0x000329ac     0x1788 c:/altera/12.1/nios2eds/bin/gnu/h-i686-mingw32/bin/../lib/gcc/nios2-elf/4.1.2/../../../../nios2-elf/lib/mno-hw-mul\libc.a(lib_a-vfscanf.o)
                0x000329ac                __svfscanf_r
                0x00034034                __svfscanf
                0x00034058                _vfscanf_r
                0x000340c0                vfscanf
 .text          0x00034134       0x78 c:/altera/12.1/nios2eds/bin/gnu/h-i686-mingw32/bin/../lib/gcc/nios2-elf/4.1.2/../../../../nios2-elf/lib/mno-hw-mul\libc.a(lib_a-writer.o)
                0x00034134                _write_r
 .text          0x000341ac      0x13c c:/altera/12.1/nios2eds/bin/gnu/h-i686-mingw32/bin/../lib/gcc/nios2-elf/4.1.2/../../../../nios2-elf/lib/mno-hw-mul\libc.a(lib_a-wsetup.o)
                0x000341ac                __swsetup_r
 .text          0x000342e8      0x1b4 c:/altera/12.1/nios2eds/bin/gnu/h-i686-mingw32/bin/../lib/gcc/nios2-elf/4.1.2/../../../../nios2-elf/lib/mno-hw-mul\libc.a(lib_a-__call_atexit.o)
                0x000342ec                __call_exitprocs
 .text          0x0003449c       0x70 c:/altera/12.1/nios2eds/bin/gnu/h-i686-mingw32/bin/../lib/gcc/nios2-elf/4.1.2/../../../../nios2-elf/lib/mno-hw-mul\libc.a(lib_a-closer.o)
                0x0003449c                _close_r
 .text          0x0003450c     0x17f8 c:/altera/12.1/nios2eds/bin/gnu/h-i686-mingw32/bin/../lib/gcc/nios2-elf/4.1.2/../../../../nios2-elf/lib/mno-hw-mul\libc.a(lib_a-dtoa.o)
                0x00034750                _dtoa_r
 .text          0x00035d04        0x0 c:/altera/12.1/nios2eds/bin/gnu/h-i686-mingw32/bin/../lib/gcc/nios2-elf/4.1.2/../../../../nios2-elf/lib/mno-hw-mul\libc.a(lib_a-environ.o)
 .text          0x00035d04       0xbc c:/altera/12.1/nios2eds/bin/gnu/h-i686-mingw32/bin/../lib/gcc/nios2-elf/4.1.2/../../../../nios2-elf/lib/mno-hw-mul\libc.a(lib_a-fdopen.o)
                0x00035d04                _fdopen_r
                0x00035da4                fdopen
 .text          0x00035dc0       0xa0 c:/altera/12.1/nios2eds/bin/gnu/h-i686-mingw32/bin/../lib/gcc/nios2-elf/4.1.2/../../../../nios2-elf/lib/mno-hw-mul\libc.a(lib_a-flags.o)
                0x00035dc0                __sflags
 .text          0x00035e60      0x49c c:/altera/12.1/nios2eds/bin/gnu/h-i686-mingw32/bin/../lib/gcc/nios2-elf/4.1.2/../../../../nios2-elf/lib/mno-hw-mul\libc.a(lib_a-fvwrite.o)
                0x00035e60                __sfvwrite_r
 .text          0x000362fc       0x70 c:/altera/12.1/nios2eds/bin/gnu/h-i686-mingw32/bin/../lib/gcc/nios2-elf/4.1.2/../../../../nios2-elf/lib/mno-hw-mul\libc.a(lib_a-isattyr.o)
                0x000362fc                _isatty_r
 .text          0x0003636c       0x2c c:/altera/12.1/nios2eds/bin/gnu/h-i686-mingw32/bin/../lib/gcc/nios2-elf/4.1.2/../../../../nios2-elf/lib/mno-hw-mul\libc.a(lib_a-iswspace.o)
                0x0003636c                iswspace
 .text          0x00036398       0xc4 c:/altera/12.1/nios2eds/bin/gnu/h-i686-mingw32/bin/../lib/gcc/nios2-elf/4.1.2/../../../../nios2-elf/lib/mno-hw-mul\libc.a(lib_a-locale.o)
                0x00036398                __locale_charset
                0x000363a0                _localeconv_r
                0x000363ac                localeconv
                0x000363bc                _setlocale_r
                0x00036440                setlocale
 .text          0x0003645c       0x78 c:/altera/12.1/nios2eds/bin/gnu/h-i686-mingw32/bin/../lib/gcc/nios2-elf/4.1.2/../../../../nios2-elf/lib/mno-hw-mul\libc.a(lib_a-lseekr.o)
                0x0003645c                _lseek_r
 .text          0x000364d4       0xc0 c:/altera/12.1/nios2eds/bin/gnu/h-i686-mingw32/bin/../lib/gcc/nios2-elf/4.1.2/../../../../nios2-elf/lib/mno-hw-mul\libc.a(lib_a-mbrtowc.o)
                0x000364d4                _mbrtowc_r
                0x00036554                mbrtowc
 .text          0x00036594       0x40 c:/altera/12.1/nios2eds/bin/gnu/h-i686-mingw32/bin/../lib/gcc/nios2-elf/4.1.2/../../../../nios2-elf/lib/mno-hw-mul\libc.a(lib_a-mbtowc_r.o)
                0x00036594                _mbtowc_r
 .text          0x000365d4       0xe4 c:/altera/12.1/nios2eds/bin/gnu/h-i686-mingw32/bin/../lib/gcc/nios2-elf/4.1.2/../../../../nios2-elf/lib/mno-hw-mul\libc.a(lib_a-memchr.o)
                0x000365d4                memchr
 .text          0x000366b8       0xe0 c:/altera/12.1/nios2eds/bin/gnu/h-i686-mingw32/bin/../lib/gcc/nios2-elf/4.1.2/../../../../nios2-elf/lib/mno-hw-mul\libc.a(lib_a-memmove.o)
                0x000366b8                memmove
 .text          0x00036798     0x108c c:/altera/12.1/nios2eds/bin/gnu/h-i686-mingw32/bin/../lib/gcc/nios2-elf/4.1.2/../../../../nios2-elf/lib/mno-hw-mul\libc.a(lib_a-mprec.o)
                0x00036798                _Bfree
                0x000367c0                __hi0bits
                0x00036830                __lo0bits
                0x000368f4                __mcmp
                0x00036954                __ulp
                0x000369d4                __b2d
                0x00036af4                __ratio
                0x00036ba4                _mprec_log10
                0x00036c38                __copybits
                0x00036c90                __any_on
                0x00036d18                _Balloc
                0x00036dd4                __d2b
                0x00036f50                __mdiff
                0x000370dc                __lshift
                0x00037228                __multiply
                0x0003747c                __i2b
                0x000374b8                __multadd
                0x000375e4                __pow5mult
                0x00037704                __s2b
 .text          0x00037824       0x78 c:/altera/12.1/nios2eds/bin/gnu/h-i686-mingw32/bin/../lib/gcc/nios2-elf/4.1.2/../../../../nios2-elf/lib/mno-hw-mul\libc.a(lib_a-readr.o)
                0x00037824                _read_r
 .text          0x0003789c      0x5f4 c:/altera/12.1/nios2eds/bin/gnu/h-i686-mingw32/bin/../lib/gcc/nios2-elf/4.1.2/../../../../nios2-elf/lib/mno-hw-mul\libc.a(lib_a-reallocr.o)
                0x0003789c                _realloc_r
 .text          0x00037e90       0x40 c:/altera/12.1/nios2eds/bin/gnu/h-i686-mingw32/bin/../lib/gcc/nios2-elf/4.1.2/../../../../nios2-elf/lib/mno-hw-mul\libc.a(lib_a-remove.o)
                0x00037e90                _remove_r
                0x00037ebc                remove
 .text          0x00037ed0       0x40 c:/altera/12.1/nios2eds/bin/gnu/h-i686-mingw32/bin/../lib/gcc/nios2-elf/4.1.2/../../../../nios2-elf/lib/mno-hw-mul\libc.a(lib_a-s_isinfd.o)
                0x00037ed0                __isinfd
 .text          0x00037f10       0x30 c:/altera/12.1/nios2eds/bin/gnu/h-i686-mingw32/bin/../lib/gcc/nios2-elf/4.1.2/../../../../nios2-elf/lib/mno-hw-mul\libc.a(lib_a-s_isnand.o)
                0x00037f10                __isnand
 .text          0x00037f40       0xc0 c:/altera/12.1/nios2eds/bin/gnu/h-i686-mingw32/bin/../lib/gcc/nios2-elf/4.1.2/../../../../nios2-elf/lib/mno-hw-mul\libc.a(lib_a-sccl.o)
                0x00037f40                __sccl
 .text          0x00038000        0x8 c:/altera/12.1/nios2eds/bin/gnu/h-i686-mingw32/bin/../lib/gcc/nios2-elf/4.1.2/../../../../nios2-elf/lib/mno-hw-mul\libc.a(lib_a-sf_nan.o)
                0x00038000                nanf
 .text          0x00038008       0x78 c:/altera/12.1/nios2eds/bin/gnu/h-i686-mingw32/bin/../lib/gcc/nios2-elf/4.1.2/../../../../nios2-elf/lib/mno-hw-mul\libc.a(lib_a-signalr.o)
                0x00038008                _getpid_r
                0x0003800c                _kill_r
 .text          0x00038080     0x1754 c:/altera/12.1/nios2eds/bin/gnu/h-i686-mingw32/bin/../lib/gcc/nios2-elf/4.1.2/../../../../nios2-elf/lib/mno-hw-mul\libc.a(lib_a-strtod.o)
                0x000380c8                _strtod_r
                0x00039694                strtof
                0x000397b8                strtod
 .text          0x000397d4      0x274 c:/altera/12.1/nios2eds/bin/gnu/h-i686-mingw32/bin/../lib/gcc/nios2-elf/4.1.2/../../../../nios2-elf/lib/mno-hw-mul\libc.a(lib_a-strtol.o)
                0x000397d4                _strtol_r
                0x00039a24                strtol
 .text          0x00039a48      0x318 c:/altera/12.1/nios2eds/bin/gnu/h-i686-mingw32/bin/../lib/gcc/nios2-elf/4.1.2/../../../../nios2-elf/lib/mno-hw-mul\libc.a(lib_a-strtoll_r.o)
                0x00039a48                _strtoll_r
 .text          0x00039d60      0x264 c:/altera/12.1/nios2eds/bin/gnu/h-i686-mingw32/bin/../lib/gcc/nios2-elf/4.1.2/../../../../nios2-elf/lib/mno-hw-mul\libc.a(lib_a-strtoul.o)
                0x00039d60                _strtoul_r
                0x00039fa0                strtoul
 .text          0x00039fc4      0x2f0 c:/altera/12.1/nios2eds/bin/gnu/h-i686-mingw32/bin/../lib/gcc/nios2-elf/4.1.2/../../../../nios2-elf/lib/mno-hw-mul\libc.a(lib_a-strtoull_r.o)
                0x00039fc4                _strtoull_r
 .text          0x0003a2b4      0x294 c:/altera/12.1/nios2eds/bin/gnu/h-i686-mingw32/bin/../lib/gcc/nios2-elf/4.1.2/../../../../nios2-elf/lib/mno-hw-mul\libc.a(lib_a-ungetc.o)
                0x0003a2b4                __submore
                0x0003a390                _ungetc_r
                0x0003a52c                ungetc
 .text          0x0003a548       0x70 c:/altera/12.1/nios2eds/bin/gnu/h-i686-mingw32/bin/../lib/gcc/nios2-elf/4.1.2/../../../../nios2-elf/lib/mno-hw-mul\libc.a(lib_a-unlinkr.o)
                0x0003a548                _unlink_r
 .text          0x0003a5b8       0xc8 c:/altera/12.1/nios2eds/bin/gnu/h-i686-mingw32/bin/../lib/gcc/nios2-elf/4.1.2/../../../../nios2-elf/lib/mno-hw-mul\libc.a(lib_a-callocr.o)
                0x0003a5b8                _calloc_r
 .text          0x0003a680      0x938 c:/altera/12.1/nios2eds/bin/gnu/h-i686-mingw32/bin/../lib/gcc/nios2-elf/4.1.2/../../../../nios2-elf/lib/mno-hw-mul\libc.a(lib_a-gdtoa-gethex.o)
                0x0003a6a4                __hexdig_init
                0x0003a7bc                __gethex
 .text          0x0003afb8      0x294 c:/altera/12.1/nios2eds/bin/gnu/h-i686-mingw32/bin/../lib/gcc/nios2-elf/4.1.2/../../../../nios2-elf/lib/mno-hw-mul\libc.a(lib_a-gdtoa-hexnan.o)
                0x0003b004                __hexnan
 .text          0x0003b24c       0xa4 c:/altera/12.1/nios2eds/bin/gnu/h-i686-mingw32/bin/../lib/gcc/nios2-elf/4.1.2/mno-hw-mul\libgcc.a(_fixunsdfsi.o)
                0x0003b24c                __fixunsdfsi
 .text          0x0003b2f0      0x66c c:/altera/12.1/nios2eds/bin/gnu/h-i686-mingw32/bin/../lib/gcc/nios2-elf/4.1.2/mno-hw-mul\libgcc.a(_udivdi3.o)
                0x0003b2f0                __udivdi3
 .text          0x0003b95c      0x660 c:/altera/12.1/nios2eds/bin/gnu/h-i686-mingw32/bin/../lib/gcc/nios2-elf/4.1.2/mno-hw-mul\libgcc.a(_umoddi3.o)
                0x0003b95c                __umoddi3
 .text          0x0003bfbc       0x78 c:/altera/12.1/nios2eds/bin/gnu/h-i686-mingw32/bin/../lib/gcc/nios2-elf/4.1.2/mno-hw-mul\libgcc.a(_ne_sf.o)
                0x0003bfbc                __nesf2
 .text          0x0003c034       0x78 c:/altera/12.1/nios2eds/bin/gnu/h-i686-mingw32/bin/../lib/gcc/nios2-elf/4.1.2/mno-hw-mul\libgcc.a(_gt_sf.o)
                0x0003c034                __gtsf2
 .text          0x0003c0ac       0x78 c:/altera/12.1/nios2eds/bin/gnu/h-i686-mingw32/bin/../lib/gcc/nios2-elf/4.1.2/mno-hw-mul\libgcc.a(_lt_sf.o)
                0x0003c0ac                __ltsf2
 .text          0x0003c124      0x504 c:/altera/12.1/nios2eds/bin/gnu/h-i686-mingw32/bin/../lib/gcc/nios2-elf/4.1.2/mno-hw-mul\libgcc.a(_addsub_df.o)
                0x0003c534                __subdf3
                0x0003c5b4                __adddf3
 .text          0x0003c628       0x88 c:/altera/12.1/nios2eds/bin/gnu/h-i686-mingw32/bin/../lib/gcc/nios2-elf/4.1.2/mno-hw-mul\libgcc.a(_eq_df.o)
                0x0003c628                __eqdf2
 .text          0x0003c6b0       0x88 c:/altera/12.1/nios2eds/bin/gnu/h-i686-mingw32/bin/../lib/gcc/nios2-elf/4.1.2/mno-hw-mul\libgcc.a(_ne_df.o)
                0x0003c6b0                __nedf2
 .text          0x0003c738       0x88 c:/altera/12.1/nios2eds/bin/gnu/h-i686-mingw32/bin/../lib/gcc/nios2-elf/4.1.2/mno-hw-mul\libgcc.a(_gt_df.o)
                0x0003c738                __gtdf2
 .text          0x0003c7c0       0x88 c:/altera/12.1/nios2eds/bin/gnu/h-i686-mingw32/bin/../lib/gcc/nios2-elf/4.1.2/mno-hw-mul\libgcc.a(_ge_df.o)
                0x0003c7c0                __gedf2
 .text          0x0003c848       0x88 c:/altera/12.1/nios2eds/bin/gnu/h-i686-mingw32/bin/../lib/gcc/nios2-elf/4.1.2/mno-hw-mul\libgcc.a(_lt_df.o)
                0x0003c848                __ltdf2
 .text          0x0003c8d0       0x88 c:/altera/12.1/nios2eds/bin/gnu/h-i686-mingw32/bin/../lib/gcc/nios2-elf/4.1.2/mno-hw-mul\libgcc.a(_le_df.o)
                0x0003c8d0                __ledf2
 .text          0x0003c958       0xf8 c:/altera/12.1/nios2eds/bin/gnu/h-i686-mingw32/bin/../lib/gcc/nios2-elf/4.1.2/mno-hw-mul\libgcc.a(_si_to_df.o)
                0x0003c958                __floatsidf
 .text          0x0003ca50       0xd8 c:/altera/12.1/nios2eds/bin/gnu/h-i686-mingw32/bin/../lib/gcc/nios2-elf/4.1.2/mno-hw-mul\libgcc.a(_df_to_si.o)
                0x0003ca50                __fixdfsi
 .text          0x0003cb28       0xa8 c:/altera/12.1/nios2eds/bin/gnu/h-i686-mingw32/bin/../lib/gcc/nios2-elf/4.1.2/mno-hw-mul\libgcc.a(_fpcmp_parts_sf.o)
                0x0003cb28                __fpcmp_parts_f
 .text          0x0003cbd0       0xc8 c:/altera/12.1/nios2eds/bin/gnu/h-i686-mingw32/bin/../lib/gcc/nios2-elf/4.1.2/mno-hw-mul\libgcc.a(_fpcmp_parts_df.o)
                0x0003cbd0                __fpcmp_parts_d
 .text          0x0003cc98      0x160 ../JPEG_Encoder_bsp/\libhal_bsp.a(alt_close.o)
                0x0003cc98                close
 .text          0x0003cdf8       0x2c ../JPEG_Encoder_bsp/\libhal_bsp.a(alt_dev.o)
 .text          0x0003ce24       0x40 ../JPEG_Encoder_bsp/\libhal_bsp.a(alt_env_lock.o)
                0x0003ce24                __env_lock
                0x0003ce44                __env_unlock
 .text          0x0003ce64        0x0 ../JPEG_Encoder_bsp/\libhal_bsp.a(alt_errno.o)
 .text          0x0003ce64       0x60 ../JPEG_Encoder_bsp/\libhal_bsp.a(alt_exit.o)
                0x0003cea4                _exit
 .text          0x0003cec4      0x138 ../JPEG_Encoder_bsp/\libhal_bsp.a(alt_fstat.o)
                0x0003cec4                fstat
 .text          0x0003cffc       0x20 ../JPEG_Encoder_bsp/\libhal_bsp.a(alt_getpid.o)
                0x0003cffc                getpid
 .text          0x0003d01c      0x124 ../JPEG_Encoder_bsp/\libhal_bsp.a(alt_isatty.o)
                0x0003d01c                isatty
 .text          0x0003d140      0x1a0 ../JPEG_Encoder_bsp/\libhal_bsp.a(alt_kill.o)
                0x0003d140                kill
 .text          0x0003d2e0       0xec ../JPEG_Encoder_bsp/\libhal_bsp.a(alt_load.o)
                0x0003d2e0                alt_load
 .text          0x0003d3cc      0x154 ../JPEG_Encoder_bsp/\libhal_bsp.a(alt_lseek.o)
                0x0003d3cc                lseek
 .text          0x0003d520       0x6c ../JPEG_Encoder_bsp/\libhal_bsp.a(alt_main.o)
                0x0003d520                alt_main
 .text          0x0003d58c       0x40 ../JPEG_Encoder_bsp/\libhal_bsp.a(alt_malloc_lock.o)
                0x0003d58c                __malloc_lock
                0x0003d5ac                __malloc_unlock
 .text          0x0003d5cc      0x2e4 ../JPEG_Encoder_bsp/\libhal_bsp.a(alt_open.o)
                0x0003d6c4                open
 .text          0x0003d8b0      0x184 ../JPEG_Encoder_bsp/\libhal_bsp.a(alt_read.o)
                0x0003d8b0                read
 .text          0x0003da34       0x78 ../JPEG_Encoder_bsp/\libhal_bsp.a(alt_release_fd.o)
                0x0003da34                alt_release_fd
 .text          0x0003daac       0xbc ../JPEG_Encoder_bsp/\libhal_bsp.a(alt_sbrk.o)
                0x0003daac                sbrk
 .text          0x0003db68       0x9c ../JPEG_Encoder_bsp/\libhal_bsp.a(alt_unlink.o)
                0x0003db68                unlink
 .text          0x0003dc04       0x30 ../JPEG_Encoder_bsp/\libhal_bsp.a(alt_usleep.o)
                0x0003dc04                usleep
 .text          0x0003dc34      0x184 ../JPEG_Encoder_bsp/\libhal_bsp.a(alt_write.o)
                0x0003dc34                write
 .text          0x0003ddb8       0xd0 ../JPEG_Encoder_bsp/\libhal_bsp.a(alt_sys_init.o)
                0x0003ddb8                alt_irq_init
                0x0003ddec                alt_sys_init
 .text          0x0003de88      0x148 ../JPEG_Encoder_bsp/\libhal_bsp.a(altera_avalon_jtag_uart_fd.o)
                0x0003de88                altera_avalon_jtag_uart_read_fd
                0x0003dee0                altera_avalon_jtag_uart_write_fd
                0x0003df38                altera_avalon_jtag_uart_close_fd
                0x0003df80                altera_avalon_jtag_uart_ioctl_fd
 .text          0x0003dfd0      0x40c ../JPEG_Encoder_bsp/\libhal_bsp.a(altera_avalon_jtag_uart_init.o)
                0x0003dfd0                altera_avalon_jtag_uart_init
                0x0003e368                altera_avalon_jtag_uart_close
 .text          0x0003e3dc       0xf4 ../JPEG_Encoder_bsp/\libhal_bsp.a(altera_avalon_jtag_uart_ioctl.o)
                0x0003e3dc                altera_avalon_jtag_uart_ioctl
 .text          0x0003e4d0      0x224 ../JPEG_Encoder_bsp/\libhal_bsp.a(altera_avalon_jtag_uart_read.o)
                0x0003e4d0                altera_avalon_jtag_uart_read
 .text          0x0003e6f4      0x240 ../JPEG_Encoder_bsp/\libhal_bsp.a(altera_avalon_jtag_uart_write.o)
                0x0003e6f4                altera_avalon_jtag_uart_write
 .text          0x0003e934      0x100 ../JPEG_Encoder_bsp/\libhal_bsp.a(altera_avalon_timer_sc.o)
                0x0003e9a4                alt_avalon_timer_sc_init
 .text          0x0003ea34      0x5a0 ../JPEG_Encoder_bsp/\libhal_bsp.a(altera_hostfs.o)
                0x0003ea34                alt_hostfs_open
                0x0003eb88                alt_hostfs_close
                0x0003ebdc                alt_hostfs_read
                0x0003ec7c                alt_hostfs_write
                0x0003ed1c                alt_hostfs_seek
                0x0003edbc                alt_hostfs_fstat
 .text          0x0003efd4      0x154 ../JPEG_Encoder_bsp/\libhal_bsp.a(alt_alarm_start.o)
                0x0003efd4                alt_alarm_start
 .text          0x0003f128      0x15c ../JPEG_Encoder_bsp/\libhal_bsp.a(alt_busy_sleep.o)
                0x0003f128                alt_busy_sleep
 .text          0x0003f284       0x1c ../JPEG_Encoder_bsp/\libhal_bsp.a(alt_dcache_flush_all.o)
                0x0003f284                alt_dcache_flush_all
 .text          0x0003f2a0      0x114 ../JPEG_Encoder_bsp/\libhal_bsp.a(alt_dev_llist_insert.o)
                0x0003f2a0                alt_dev_llist_insert
 .text          0x0003f3b4       0x64 ../JPEG_Encoder_bsp/\libhal_bsp.a(alt_do_ctors.o)
                0x0003f3b4                _do_ctors
 .text          0x0003f418       0x64 ../JPEG_Encoder_bsp/\libhal_bsp.a(alt_do_dtors.o)
                0x0003f418                _do_dtors
 .text          0x0003f47c       0x94 ../JPEG_Encoder_bsp/\libhal_bsp.a(alt_find_dev.o)
                0x0003f47c                alt_find_dev
 .text          0x0003f510      0x120 ../JPEG_Encoder_bsp/\libhal_bsp.a(alt_find_file.o)
                0x0003f510                alt_find_file
 .text          0x0003f630       0x90 ../JPEG_Encoder_bsp/\libhal_bsp.a(alt_fs_reg.o)
                0x0003f630                alt_fs_reg
 .text          0x0003f6c0       0xd0 ../JPEG_Encoder_bsp/\libhal_bsp.a(alt_get_fd.o)
                0x0003f6c0                alt_get_fd
 .text          0x0003f790       0x30 ../JPEG_Encoder_bsp/\libhal_bsp.a(alt_icache_flush_all.o)
                0x0003f790                alt_icache_flush_all
 .text          0x0003f7c0      0x1d4 ../JPEG_Encoder_bsp/\libhal_bsp.a(alt_iic.o)
                0x0003f7c0                alt_ic_isr_register
                0x0003f810                alt_ic_irq_enable
                0x0003f8ac                alt_ic_irq_disable
                0x0003f94c                alt_ic_irq_enabled
 .text          0x0003f994       0xf8 ../JPEG_Encoder_bsp/\libhal_bsp.a(alt_iic_isr_register.o)
                0x0003f994                alt_iic_isr_register
 .text          0x0003fa8c      0x150 ../JPEG_Encoder_bsp/\libhal_bsp.a(alt_io_redirect.o)
                0x0003fb64                alt_io_redirect
 .text          0x0003fbdc        0x0 ../JPEG_Encoder_bsp/\libhal_bsp.a(alt_irq_entry.o)
 .text          0x0003fbdc        0x0 ../JPEG_Encoder_bsp/\libhal_bsp.a(alt_irq_handler.o)
 .text          0x0003fbdc        0x0 ../JPEG_Encoder_bsp/\libhal_bsp.a(alt_irq_vars.o)
 .text          0x0003fbdc      0x1a4 ../JPEG_Encoder_bsp/\libhal_bsp.a(alt_tick.o)
                0x0003fbdc                alt_alarm_stop
                0x0003fc74                alt_tick
 .text          0x0003fd80       0x20 ../JPEG_Encoder_bsp/\libhal_bsp.a(altera_nios2_qsys_irq.o)
                0x0003fd80                altera_nios2_qsys_irq_init
 .text          0x0003fda0        0x0 ../JPEG_Encoder_bsp/\libhal_bsp.a(alt_exception_entry.o)
 .text          0x0003fda0       0x90 ../JPEG_Encoder_bsp/\libhal_bsp.a(alt_icache_flush.o)
                0x0003fda0                alt_icache_flush
 .text          0x0003fe30       0x14 c:/altera/12.1/nios2eds/bin/gnu/h-i686-mingw32/bin/../lib/gcc/nios2-elf/4.1.2/../../../../nios2-elf/lib/mno-hw-mul\libc.a(lib_a-atexit.o)
                0x0003fe30                atexit
 .text          0x0003fe44       0x74 c:/altera/12.1/nios2eds/bin/gnu/h-i686-mingw32/bin/../lib/gcc/nios2-elf/4.1.2/../../../../nios2-elf/lib/mno-hw-mul\libc.a(lib_a-memcmp.o)
                0x0003fe44                memcmp
 .text          0x0003feb8      0x134 c:/altera/12.1/nios2eds/bin/gnu/h-i686-mingw32/bin/../lib/gcc/nios2-elf/4.1.2/../../../../nios2-elf/lib/mno-hw-mul\libc.a(lib_a-__atexit.o)
                0x0003feb8                __register_exitproc
 *(.gnu.warning.*)
 *(.fini)
                0x0003ffec                PROVIDE (__etext, ABSOLUTE (.))
                0x0003ffec                PROVIDE (_etext, ABSOLUTE (.))
                0x0003ffec                PROVIDE (etext, ABSOLUTE (.))
 *(.eh_frame_hdr)
                0x0003ffec                . = ALIGN (0x4)
                0x0003ffec                PROVIDE (__preinit_array_start, ABSOLUTE (.))
 *(.preinit_array)
                0x0003ffec                PROVIDE (__preinit_array_end, ABSOLUTE (.))
                0x0003ffec                PROVIDE (__init_array_start, ABSOLUTE (.))
 *(.init_array)
                0x0003ffec                PROVIDE (__init_array_end, ABSOLUTE (.))
                0x0003ffec                PROVIDE (__fini_array_start, ABSOLUTE (.))
 *(.fini_array)
                0x0003ffec                PROVIDE (__fini_array_end, ABSOLUTE (.))
 *(.eh_frame)
 *(.gcc_except_table)
 *(.dynamic)
                0x0003ffec                PROVIDE (__CTOR_LIST__, ABSOLUTE (.))
 *(.ctors)
 *(SORT(.ctors.*))
 .ctors.65535   0x0003ffec        0x4 c:/altera/12.1/nios2eds/bin/gnu/h-i686-mingw32/bin/../lib/gcc/nios2-elf/4.1.2/../../../../nios2-elf/lib/mno-hw-mul\libc.a(lib_a-__call_atexit.o)
                0x0003fff0                PROVIDE (__CTOR_END__, ABSOLUTE (.))
                0x0003fff0                PROVIDE (__DTOR_LIST__, ABSOLUTE (.))
 *(.dtors)
 *(SORT(.dtors.*))
                0x0003fff0                PROVIDE (__DTOR_END__, ABSOLUTE (.))
 *(.jcr)
                0x0003fff0                . = ALIGN (0x4)

.rodata         0x0003fff0     0x293c
                0x0003fff0                PROVIDE (__ram_rodata_start, ABSOLUTE (.))
                0x0003fff0                . = ALIGN (0x4)
 *(.rodata .rodata.* .gnu.linkonce.r.*)
 .rodata        0x0003fff0       0xc0 obj/default/application/bmp_extract.o
 .rodata        0x000400b0       0x14 obj/default/application/jpeg_encoding.o
 .rodata        0x000400c4      0x1c8 obj/default/application/jpegclib/jaricom.o
                0x000400c4                jpeg_aritab
 .rodata        0x0004028c       0xc0 obj/default/application/jpegclib/jcdctmgr.o
 .rodata        0x0004034c      0x3a0 obj/default/application/jpegclib/jcparam.o
 .rodata        0x000406ec     0x1514 obj/default/application/jpegclib/jerror.o
                0x000419fc                jpeg_std_message_table
 .rodata        0x00041c00        0x4 obj/default/application/jpegclib/jmemansi.o
 .rodata        0x00041c04       0x10 obj/default/application/jpegclib/jmemmgr.o
 .rodata        0x00041c14      0x10c obj/default/application/jpegclib/jquant1.o
 .rodata        0x00041d20      0x4ec obj/default/application/jpegclib/jutils.o
                0x00041d20                jpeg_natural_order
                0x00041e60                jpeg_natural_order7
                0x00041f64                jpeg_natural_order6
                0x00042034                jpeg_natural_order5
                0x000420d8                jpeg_natural_order4
                0x00042158                jpeg_natural_order3
                0x000421bc                jpeg_natural_order2
 .rodata        0x0004220c       0xa4 obj/default/jpeg_encoder.o
 .rodata        0x000422b0       0x10 c:/altera/12.1/nios2eds/bin/gnu/h-i686-mingw32/bin/../lib/gcc/nios2-elf/4.1.2/mno-hw-mul\libgcc.a(_thenan_sf.o)
                0x000422b0                __thenan_sf
 .rodata        0x000422c0       0x14 c:/altera/12.1/nios2eds/bin/gnu/h-i686-mingw32/bin/../lib/gcc/nios2-elf/4.1.2/mno-hw-mul\libgcc.a(_thenan_df.o)
                0x000422c0                __thenan_df
 .rodata        0x000422d4      0x100 c:/altera/12.1/nios2eds/bin/gnu/h-i686-mingw32/bin/../lib/gcc/nios2-elf/4.1.2/mno-hw-mul\libgcc.a(_clz.o)
                0x000422d4                __clz_tab
 .rodata        0x000423d4      0x281 c:/altera/12.1/nios2eds/bin/gnu/h-i686-mingw32/bin/../lib/gcc/nios2-elf/4.1.2/../../../../nios2-elf/lib/mno-hw-mul\libc.a(lib_a-ctype_.o)
                0x000423d4                _ctype_
 *fill*         0x00042655        0x3 00
 .rodata.str1.4
                0x00042658        0x2 c:/altera/12.1/nios2eds/bin/gnu/h-i686-mingw32/bin/../lib/gcc/nios2-elf/4.1.2/../../../../nios2-elf/lib/mno-hw-mul\libc.a(lib_a-impure.o)
                                  0x4 (size before relaxing)
 *fill*         0x0004265a        0x2 00
 .rodata.str1.4
                0x0004265c        0x2 c:/altera/12.1/nios2eds/bin/gnu/h-i686-mingw32/bin/../lib/gcc/nios2-elf/4.1.2/../../../../nios2-elf/lib/mno-hw-mul\libc.a(lib_a-puts.o)
                                  0x4 (size before relaxing)
 *fill*         0x0004265e        0x2 00
 .rodata.str1.4
                0x00042660        0x4 c:/altera/12.1/nios2eds/bin/gnu/h-i686-mingw32/bin/../lib/gcc/nios2-elf/4.1.2/../../../../nios2-elf/lib/mno-hw-mul\libc.a(lib_a-tmpfile.o)
 .rodata.str1.4
                0x00042664       0x1e c:/altera/12.1/nios2eds/bin/gnu/h-i686-mingw32/bin/../lib/gcc/nios2-elf/4.1.2/../../../../nios2-elf/lib/mno-hw-mul\libc.a(lib_a-tmpnam.o)
                                 0x24 (size before relaxing)
 *fill*         0x00042682        0x2 00
 .rodata.str1.4
                0x00042684       0x5e c:/altera/12.1/nios2eds/bin/gnu/h-i686-mingw32/bin/../lib/gcc/nios2-elf/4.1.2/../../../../nios2-elf/lib/mno-hw-mul\libc.a(lib_a-vfprintf.o)
                                 0x60 (size before relaxing)
 .rodata        0x000426e2       0x20 c:/altera/12.1/nios2eds/bin/gnu/h-i686-mingw32/bin/../lib/gcc/nios2-elf/4.1.2/../../../../nios2-elf/lib/mno-hw-mul\libc.a(lib_a-vfprintf.o)
 *fill*         0x00042702        0x2 00
 .rodata.str1.4
                0x00042704        0x5 c:/altera/12.1/nios2eds/bin/gnu/h-i686-mingw32/bin/../lib/gcc/nios2-elf/4.1.2/../../../../nios2-elf/lib/mno-hw-mul\libc.a(lib_a-vfscanf.o)
                                  0x8 (size before relaxing)
 *fill*         0x00042709        0x1 00
 .rodata        0x0004270a       0x22 c:/altera/12.1/nios2eds/bin/gnu/h-i686-mingw32/bin/../lib/gcc/nios2-elf/4.1.2/../../../../nios2-elf/lib/mno-hw-mul\libc.a(lib_a-vfscanf.o)
 .rodata.str1.4
                0x0004272c       0x10 c:/altera/12.1/nios2eds/bin/gnu/h-i686-mingw32/bin/../lib/gcc/nios2-elf/4.1.2/../../../../nios2-elf/lib/mno-hw-mul\libc.a(lib_a-dtoa.o)
                                 0x14 (size before relaxing)
 .rodata.str1.4
                0x0004273c        0xf c:/altera/12.1/nios2eds/bin/gnu/h-i686-mingw32/bin/../lib/gcc/nios2-elf/4.1.2/../../../../nios2-elf/lib/mno-hw-mul\libc.a(lib_a-locale.o)
                                 0x18 (size before relaxing)
 *fill*         0x0004274b        0x1 00
 .rodata        0x0004274c       0x30 c:/altera/12.1/nios2eds/bin/gnu/h-i686-mingw32/bin/../lib/gcc/nios2-elf/4.1.2/../../../../nios2-elf/lib/mno-hw-mul\libc.a(lib_a-locale.o)
 .rodata.str1.4
                0x00000000        0x4 c:/altera/12.1/nios2eds/bin/gnu/h-i686-mingw32/bin/../lib/gcc/nios2-elf/4.1.2/../../../../nios2-elf/lib/mno-hw-mul\libc.a(lib_a-mbrtowc.o)
 .rodata        0x0004277c      0x124 c:/altera/12.1/nios2eds/bin/gnu/h-i686-mingw32/bin/../lib/gcc/nios2-elf/4.1.2/../../../../nios2-elf/lib/mno-hw-mul\libc.a(lib_a-mprec.o)
                0x0004277c                __mprec_tens
                0x00042844                __mprec_bigtens
                0x0004286c                __mprec_tinytens
 .rodata.str1.4
                0x000428a0        0xf c:/altera/12.1/nios2eds/bin/gnu/h-i686-mingw32/bin/../lib/gcc/nios2-elf/4.1.2/../../../../nios2-elf/lib/mno-hw-mul\libc.a(lib_a-strtod.o)
                                 0x10 (size before relaxing)
 *fill*         0x000428af        0x1 00
 .rodata        0x000428b0       0x28 c:/altera/12.1/nios2eds/bin/gnu/h-i686-mingw32/bin/../lib/gcc/nios2-elf/4.1.2/../../../../nios2-elf/lib/mno-hw-mul\libc.a(lib_a-strtod.o)
 .rodata.str1.4
                0x000428d8       0x1c c:/altera/12.1/nios2eds/bin/gnu/h-i686-mingw32/bin/../lib/gcc/nios2-elf/4.1.2/../../../../nios2-elf/lib/mno-hw-mul\libc.a(lib_a-gdtoa-gethex.o)
 .rodata        0x000428f4        0xc ../JPEG_Encoder_bsp/\libhal_bsp.a(alt_dev.o)
 .rodata        0x00042900       0x10 ../JPEG_Encoder_bsp/\libhal_bsp.a(alt_main.o)
 .rodata        0x00042910       0x1c ../JPEG_Encoder_bsp/\libhal_bsp.a(alt_sys_init.o)
 *(.rodata1)
                0x0004292c                . = ALIGN (0x4)
                0x0004292c                PROVIDE (__ram_rodata_end, ABSOLUTE (.))
                0x0003fff0                PROVIDE (__flash_rodata_start, LOADADDR (.rodata))

.rwdata         0x0004292c     0x1b0c load address 0x00044438
                0x0004292c                PROVIDE (__ram_rwdata_start, ABSOLUTE (.))
                0x0004292c                . = ALIGN (0x4)
 *(.got.plt)
 *(.got)
 *(.data1)
 *(.data .data.* .gnu.linkonce.d.*)
 .data          0x0004292c        0x0 ../JPEG_Encoder_bsp//obj/HAL/src/crt0.o
 .data          0x0004292c        0x0 obj/default/application/bmp_extract.o
 .data          0x0004292c        0x0 obj/default/application/jpeg_encoding.o
 .data          0x0004292c        0x0 obj/default/application/jpegclib/cdjpeg.o
 .data          0x0004292c        0x0 obj/default/application/jpegclib/jaricom.o
 .data          0x0004292c        0x0 obj/default/application/jpegclib/jcapimin.o
 .data          0x0004292c        0x0 obj/default/application/jpegclib/jcapistd.o
 .data          0x0004292c        0x0 obj/default/application/jpegclib/jcarith.o
 .data          0x0004292c        0x0 obj/default/application/jpegclib/jccoefct.o
 .data          0x0004292c        0x0 obj/default/application/jpegclib/jccolor.o
 .data          0x0004292c        0x0 obj/default/application/jpegclib/jcdctmgr.o
 .data          0x0004292c        0x0 obj/default/application/jpegclib/jchuff.o
 .data          0x0004292c        0x0 obj/default/application/jpegclib/jcinit.o
 .data          0x0004292c        0x0 obj/default/application/jpegclib/jcmainct.o
 .data          0x0004292c        0x0 obj/default/application/jpegclib/jcmarker.o
 .data          0x0004292c        0x0 obj/default/application/jpegclib/jcmaster.o
 .data          0x0004292c        0x0 obj/default/application/jpegclib/jcomapi.o
 .data          0x0004292c        0x0 obj/default/application/jpegclib/jcparam.o
 .data          0x0004292c        0x0 obj/default/application/jpegclib/jcprepct.o
 .data          0x0004292c        0x0 obj/default/application/jpegclib/jcsample.o
 .data          0x0004292c        0x0 obj/default/application/jpegclib/jctrans.o
 .data          0x0004292c        0x0 obj/default/application/jpegclib/jdatadst.o
 .data          0x0004292c        0x0 obj/default/application/jpegclib/jerror.o
 .data          0x0004292c        0x0 obj/default/application/jpegclib/jfdctflt.o
 .data          0x0004292c        0x0 obj/default/application/jpegclib/jfdctfst.o
 .data          0x0004292c        0x0 obj/default/application/jpegclib/jfdctint.o
 .data          0x0004292c        0x0 obj/default/application/jpegclib/jidctflt.o
 .data          0x0004292c        0x0 obj/default/application/jpegclib/jidctfst.o
 .data          0x0004292c        0x0 obj/default/application/jpegclib/jidctint.o
 .data          0x0004292c        0x0 obj/default/application/jpegclib/jmemansi.o
 .data          0x0004292c        0x0 obj/default/application/jpegclib/jmemmgr.o
 .data          0x0004292c        0x0 obj/default/application/jpegclib/jquant1.o
 .data          0x0004292c        0x0 obj/default/application/jpegclib/jquant2.o
 .data          0x0004292c        0x0 obj/default/application/jpegclib/jutils.o
 .data          0x0004292c        0x0 obj/default/jpeg_encoder.o
 .data          0x0004292c        0x0 c:/altera/12.1/nios2eds/bin/gnu/h-i686-mingw32/bin/../lib/gcc/nios2-elf/4.1.2/mno-hw-mul\libgcc.a(_addsub_sf.o)
 .data          0x0004292c        0x0 c:/altera/12.1/nios2eds/bin/gnu/h-i686-mingw32/bin/../lib/gcc/nios2-elf/4.1.2/mno-hw-mul\libgcc.a(_mul_sf.o)
 .data          0x0004292c        0x0 c:/altera/12.1/nios2eds/bin/gnu/h-i686-mingw32/bin/../lib/gcc/nios2-elf/4.1.2/mno-hw-mul\libgcc.a(_si_to_sf.o)
 .data          0x0004292c        0x0 c:/altera/12.1/nios2eds/bin/gnu/h-i686-mingw32/bin/../lib/gcc/nios2-elf/4.1.2/mno-hw-mul\libgcc.a(_sf_to_si.o)
 .data          0x0004292c        0x0 c:/altera/12.1/nios2eds/bin/gnu/h-i686-mingw32/bin/../lib/gcc/nios2-elf/4.1.2/mno-hw-mul\libgcc.a(_thenan_sf.o)
 .data          0x0004292c        0x0 c:/altera/12.1/nios2eds/bin/gnu/h-i686-mingw32/bin/../lib/gcc/nios2-elf/4.1.2/mno-hw-mul\libgcc.a(_mul_df.o)
 .data          0x0004292c        0x0 c:/altera/12.1/nios2eds/bin/gnu/h-i686-mingw32/bin/../lib/gcc/nios2-elf/4.1.2/mno-hw-mul\libgcc.a(_div_df.o)
 .data          0x0004292c        0x0 c:/altera/12.1/nios2eds/bin/gnu/h-i686-mingw32/bin/../lib/gcc/nios2-elf/4.1.2/mno-hw-mul\libgcc.a(_df_to_sf.o)
 .data          0x0004292c        0x0 c:/altera/12.1/nios2eds/bin/gnu/h-i686-mingw32/bin/../lib/gcc/nios2-elf/4.1.2/mno-hw-mul\libgcc.a(_thenan_df.o)
 .data          0x0004292c        0x0 c:/altera/12.1/nios2eds/bin/gnu/h-i686-mingw32/bin/../lib/gcc/nios2-elf/4.1.2/mno-hw-mul\libgcc.a(_usi_to_df.o)
 .data          0x0004292c        0x0 c:/altera/12.1/nios2eds/bin/gnu/h-i686-mingw32/bin/../lib/gcc/nios2-elf/4.1.2/mno-hw-mul\libgcc.a(lib2-divmod.o)
 .data          0x0004292c        0x0 c:/altera/12.1/nios2eds/bin/gnu/h-i686-mingw32/bin/../lib/gcc/nios2-elf/4.1.2/mno-hw-mul\libgcc.a(lib2-mul.o)
 .data          0x0004292c        0x0 c:/altera/12.1/nios2eds/bin/gnu/h-i686-mingw32/bin/../lib/gcc/nios2-elf/4.1.2/mno-hw-mul\libgcc.a(_muldi3.o)
 .data          0x0004292c        0x0 c:/altera/12.1/nios2eds/bin/gnu/h-i686-mingw32/bin/../lib/gcc/nios2-elf/4.1.2/mno-hw-mul\libgcc.a(_clzsi2.o)
 .data          0x0004292c        0x0 c:/altera/12.1/nios2eds/bin/gnu/h-i686-mingw32/bin/../lib/gcc/nios2-elf/4.1.2/mno-hw-mul\libgcc.a(_pack_sf.o)
 .data          0x0004292c        0x0 c:/altera/12.1/nios2eds/bin/gnu/h-i686-mingw32/bin/../lib/gcc/nios2-elf/4.1.2/mno-hw-mul\libgcc.a(_unpack_sf.o)
 .data          0x0004292c        0x0 c:/altera/12.1/nios2eds/bin/gnu/h-i686-mingw32/bin/../lib/gcc/nios2-elf/4.1.2/mno-hw-mul\libgcc.a(_make_sf.o)
 .data          0x0004292c        0x0 c:/altera/12.1/nios2eds/bin/gnu/h-i686-mingw32/bin/../lib/gcc/nios2-elf/4.1.2/mno-hw-mul\libgcc.a(_pack_df.o)
 .data          0x0004292c        0x0 c:/altera/12.1/nios2eds/bin/gnu/h-i686-mingw32/bin/../lib/gcc/nios2-elf/4.1.2/mno-hw-mul\libgcc.a(_unpack_df.o)
 .data          0x0004292c        0x0 c:/altera/12.1/nios2eds/bin/gnu/h-i686-mingw32/bin/../lib/gcc/nios2-elf/4.1.2/mno-hw-mul\libgcc.a(_clz.o)
 .data          0x0004292c        0x0 c:/altera/12.1/nios2eds/bin/gnu/h-i686-mingw32/bin/../lib/gcc/nios2-elf/4.1.2/../../../../nios2-elf/lib/mno-hw-mul\libc.a(lib_a-ctype_.o)
 .data          0x0004292c        0x0 c:/altera/12.1/nios2eds/bin/gnu/h-i686-mingw32/bin/../lib/gcc/nios2-elf/4.1.2/../../../../nios2-elf/lib/mno-hw-mul\libc.a(lib_a-exit.o)
 .data          0x0004292c        0x0 c:/altera/12.1/nios2eds/bin/gnu/h-i686-mingw32/bin/../lib/gcc/nios2-elf/4.1.2/../../../../nios2-elf/lib/mno-hw-mul\libc.a(lib_a-fclose.o)
 .data          0x0004292c        0x0 c:/altera/12.1/nios2eds/bin/gnu/h-i686-mingw32/bin/../lib/gcc/nios2-elf/4.1.2/../../../../nios2-elf/lib/mno-hw-mul\libc.a(lib_a-fflush.o)
 .data          0x0004292c        0x0 c:/altera/12.1/nios2eds/bin/gnu/h-i686-mingw32/bin/../lib/gcc/nios2-elf/4.1.2/../../../../nios2-elf/lib/mno-hw-mul\libc.a(lib_a-findfp.o)
 .data          0x0004292c        0x0 c:/altera/12.1/nios2eds/bin/gnu/h-i686-mingw32/bin/../lib/gcc/nios2-elf/4.1.2/../../../../nios2-elf/lib/mno-hw-mul\libc.a(lib_a-fopen.o)
 .data          0x0004292c        0x0 c:/altera/12.1/nios2eds/bin/gnu/h-i686-mingw32/bin/../lib/gcc/nios2-elf/4.1.2/../../../../nios2-elf/lib/mno-hw-mul\libc.a(lib_a-fprintf.o)
 .data          0x0004292c        0x0 c:/altera/12.1/nios2eds/bin/gnu/h-i686-mingw32/bin/../lib/gcc/nios2-elf/4.1.2/../../../../nios2-elf/lib/mno-hw-mul\libc.a(lib_a-fread.o)
 .data          0x0004292c        0x0 c:/altera/12.1/nios2eds/bin/gnu/h-i686-mingw32/bin/../lib/gcc/nios2-elf/4.1.2/../../../../nios2-elf/lib/mno-hw-mul\libc.a(lib_a-freer.o)
 .data          0x0004292c        0x0 c:/altera/12.1/nios2eds/bin/gnu/h-i686-mingw32/bin/../lib/gcc/nios2-elf/4.1.2/../../../../nios2-elf/lib/mno-hw-mul\libc.a(lib_a-fseek.o)
 .data          0x0004292c        0x0 c:/altera/12.1/nios2eds/bin/gnu/h-i686-mingw32/bin/../lib/gcc/nios2-elf/4.1.2/../../../../nios2-elf/lib/mno-hw-mul\libc.a(lib_a-fstatr.o)
 .data          0x0004292c        0x0 c:/altera/12.1/nios2eds/bin/gnu/h-i686-mingw32/bin/../lib/gcc/nios2-elf/4.1.2/../../../../nios2-elf/lib/mno-hw-mul\libc.a(lib_a-ftell.o)
 .data          0x0004292c        0x0 c:/altera/12.1/nios2eds/bin/gnu/h-i686-mingw32/bin/../lib/gcc/nios2-elf/4.1.2/../../../../nios2-elf/lib/mno-hw-mul\libc.a(lib_a-fwalk.o)
 .data          0x0004292c        0x0 c:/altera/12.1/nios2eds/bin/gnu/h-i686-mingw32/bin/../lib/gcc/nios2-elf/4.1.2/../../../../nios2-elf/lib/mno-hw-mul\libc.a(lib_a-fwrite.o)
 .data          0x0004292c        0x0 c:/altera/12.1/nios2eds/bin/gnu/h-i686-mingw32/bin/../lib/gcc/nios2-elf/4.1.2/../../../../nios2-elf/lib/mno-hw-mul\libc.a(lib_a-getenv.o)
 .data          0x0004292c        0x0 c:/altera/12.1/nios2eds/bin/gnu/h-i686-mingw32/bin/../lib/gcc/nios2-elf/4.1.2/../../../../nios2-elf/lib/mno-hw-mul\libc.a(lib_a-getenv_r.o)
 .data          0x0004292c      0x400 c:/altera/12.1/nios2eds/bin/gnu/h-i686-mingw32/bin/../lib/gcc/nios2-elf/4.1.2/../../../../nios2-elf/lib/mno-hw-mul\libc.a(lib_a-impure.o)
 .data          0x00042d2c        0x0 c:/altera/12.1/nios2eds/bin/gnu/h-i686-mingw32/bin/../lib/gcc/nios2-elf/4.1.2/../../../../nios2-elf/lib/mno-hw-mul\libc.a(lib_a-int_errno.o)
 .data          0x00042d2c        0x0 c:/altera/12.1/nios2eds/bin/gnu/h-i686-mingw32/bin/../lib/gcc/nios2-elf/4.1.2/../../../../nios2-elf/lib/mno-hw-mul\libc.a(lib_a-makebuf.o)
 .data          0x00042d2c        0x0 c:/altera/12.1/nios2eds/bin/gnu/h-i686-mingw32/bin/../lib/gcc/nios2-elf/4.1.2/../../../../nios2-elf/lib/mno-hw-mul\libc.a(lib_a-malloc.o)
 .data          0x00042d2c      0x408 c:/altera/12.1/nios2eds/bin/gnu/h-i686-mingw32/bin/../lib/gcc/nios2-elf/4.1.2/../../../../nios2-elf/lib/mno-hw-mul\libc.a(lib_a-mallocr.o)
                0x00042d2c                __malloc_av_
 .data          0x00043134        0x0 c:/altera/12.1/nios2eds/bin/gnu/h-i686-mingw32/bin/../lib/gcc/nios2-elf/4.1.2/../../../../nios2-elf/lib/mno-hw-mul\libc.a(lib_a-memcpy.o)
 .data          0x00043134        0x0 c:/altera/12.1/nios2eds/bin/gnu/h-i686-mingw32/bin/../lib/gcc/nios2-elf/4.1.2/../../../../nios2-elf/lib/mno-hw-mul\libc.a(lib_a-memset.o)
 .data          0x00043134        0x0 c:/altera/12.1/nios2eds/bin/gnu/h-i686-mingw32/bin/../lib/gcc/nios2-elf/4.1.2/../../../../nios2-elf/lib/mno-hw-mul\libc.a(lib_a-openr.o)
 .data          0x00043134        0x0 c:/altera/12.1/nios2eds/bin/gnu/h-i686-mingw32/bin/../lib/gcc/nios2-elf/4.1.2/../../../../nios2-elf/lib/mno-hw-mul\libc.a(lib_a-printf.o)
 .data          0x00043134        0x0 c:/altera/12.1/nios2eds/bin/gnu/h-i686-mingw32/bin/../lib/gcc/nios2-elf/4.1.2/../../../../nios2-elf/lib/mno-hw-mul\libc.a(lib_a-puts.o)
 .data          0x00043134        0x0 c:/altera/12.1/nios2eds/bin/gnu/h-i686-mingw32/bin/../lib/gcc/nios2-elf/4.1.2/../../../../nios2-elf/lib/mno-hw-mul\libc.a(lib_a-refill.o)
 .data          0x00043134        0x0 c:/altera/12.1/nios2eds/bin/gnu/h-i686-mingw32/bin/../lib/gcc/nios2-elf/4.1.2/../../../../nios2-elf/lib/mno-hw-mul\libc.a(lib_a-rewind.o)
 .data          0x00043134        0x0 c:/altera/12.1/nios2eds/bin/gnu/h-i686-mingw32/bin/../lib/gcc/nios2-elf/4.1.2/../../../../nios2-elf/lib/mno-hw-mul\libc.a(lib_a-sbrkr.o)
 .data          0x00043134        0x0 c:/altera/12.1/nios2eds/bin/gnu/h-i686-mingw32/bin/../lib/gcc/nios2-elf/4.1.2/../../../../nios2-elf/lib/mno-hw-mul\libc.a(lib_a-scanf.o)
 .data          0x00043134        0x0 c:/altera/12.1/nios2eds/bin/gnu/h-i686-mingw32/bin/../lib/gcc/nios2-elf/4.1.2/../../../../nios2-elf/lib/mno-hw-mul\libc.a(lib_a-sprintf.o)
 .data          0x00043134        0x0 c:/altera/12.1/nios2eds/bin/gnu/h-i686-mingw32/bin/../lib/gcc/nios2-elf/4.1.2/../../../../nios2-elf/lib/mno-hw-mul\libc.a(lib_a-sscanf.o)
 .data          0x00043134        0x0 c:/altera/12.1/nios2eds/bin/gnu/h-i686-mingw32/bin/../lib/gcc/nios2-elf/4.1.2/../../../../nios2-elf/lib/mno-hw-mul\libc.a(lib_a-stdio.o)
 .data          0x00043134        0x0 c:/altera/12.1/nios2eds/bin/gnu/h-i686-mingw32/bin/../lib/gcc/nios2-elf/4.1.2/../../../../nios2-elf/lib/mno-hw-mul\libc.a(lib_a-strcat.o)
 .data          0x00043134        0x0 c:/altera/12.1/nios2eds/bin/gnu/h-i686-mingw32/bin/../lib/gcc/nios2-elf/4.1.2/../../../../nios2-elf/lib/mno-hw-mul\libc.a(lib_a-strcmp.o)
 .data          0x00043134        0x0 c:/altera/12.1/nios2eds/bin/gnu/h-i686-mingw32/bin/../lib/gcc/nios2-elf/4.1.2/../../../../nios2-elf/lib/mno-hw-mul\libc.a(lib_a-strcpy.o)
 .data          0x00043134        0x0 c:/altera/12.1/nios2eds/bin/gnu/h-i686-mingw32/bin/../lib/gcc/nios2-elf/4.1.2/../../../../nios2-elf/lib/mno-hw-mul\libc.a(lib_a-strlen.o)
 .data          0x00043134        0x0 c:/altera/12.1/nios2eds/bin/gnu/h-i686-mingw32/bin/../lib/gcc/nios2-elf/4.1.2/../../../../nios2-elf/lib/mno-hw-mul\libc.a(lib_a-strncmp.o)
 .data          0x00043134        0x0 c:/altera/12.1/nios2eds/bin/gnu/h-i686-mingw32/bin/../lib/gcc/nios2-elf/4.1.2/../../../../nios2-elf/lib/mno-hw-mul\libc.a(lib_a-strncpy.o)
 .data          0x00043134        0x0 c:/altera/12.1/nios2eds/bin/gnu/h-i686-mingw32/bin/../lib/gcc/nios2-elf/4.1.2/../../../../nios2-elf/lib/mno-hw-mul\libc.a(lib_a-tmpfile.o)
 .data          0x00043134        0x0 c:/altera/12.1/nios2eds/bin/gnu/h-i686-mingw32/bin/../lib/gcc/nios2-elf/4.1.2/../../../../nios2-elf/lib/mno-hw-mul\libc.a(lib_a-tmpnam.o)
 .data          0x00043134        0x0 c:/altera/12.1/nios2eds/bin/gnu/h-i686-mingw32/bin/../lib/gcc/nios2-elf/4.1.2/../../../../nios2-elf/lib/mno-hw-mul\libc.a(lib_a-vfprintf.o)
 .data          0x00043134        0x0 c:/altera/12.1/nios2eds/bin/gnu/h-i686-mingw32/bin/../lib/gcc/nios2-elf/4.1.2/../../../../nios2-elf/lib/mno-hw-mul\libc.a(lib_a-vfscanf.o)
 .data          0x00043134        0x0 c:/altera/12.1/nios2eds/bin/gnu/h-i686-mingw32/bin/../lib/gcc/nios2-elf/4.1.2/../../../../nios2-elf/lib/mno-hw-mul\libc.a(lib_a-writer.o)
 .data          0x00043134        0x0 c:/altera/12.1/nios2eds/bin/gnu/h-i686-mingw32/bin/../lib/gcc/nios2-elf/4.1.2/../../../../nios2-elf/lib/mno-hw-mul\libc.a(lib_a-wsetup.o)
 .data          0x00043134        0x0 c:/altera/12.1/nios2eds/bin/gnu/h-i686-mingw32/bin/../lib/gcc/nios2-elf/4.1.2/../../../../nios2-elf/lib/mno-hw-mul\libc.a(lib_a-__call_atexit.o)
 .data          0x00043134        0x0 c:/altera/12.1/nios2eds/bin/gnu/h-i686-mingw32/bin/../lib/gcc/nios2-elf/4.1.2/../../../../nios2-elf/lib/mno-hw-mul\libc.a(lib_a-closer.o)
 .data          0x00043134        0x0 c:/altera/12.1/nios2eds/bin/gnu/h-i686-mingw32/bin/../lib/gcc/nios2-elf/4.1.2/../../../../nios2-elf/lib/mno-hw-mul\libc.a(lib_a-dtoa.o)
 .data          0x00043134        0x0 c:/altera/12.1/nios2eds/bin/gnu/h-i686-mingw32/bin/../lib/gcc/nios2-elf/4.1.2/../../../../nios2-elf/lib/mno-hw-mul\libc.a(lib_a-environ.o)
 .data          0x00043134        0x0 c:/altera/12.1/nios2eds/bin/gnu/h-i686-mingw32/bin/../lib/gcc/nios2-elf/4.1.2/../../../../nios2-elf/lib/mno-hw-mul\libc.a(lib_a-fdopen.o)
 .data          0x00043134        0x0 c:/altera/12.1/nios2eds/bin/gnu/h-i686-mingw32/bin/../lib/gcc/nios2-elf/4.1.2/../../../../nios2-elf/lib/mno-hw-mul\libc.a(lib_a-flags.o)
 .data          0x00043134        0x0 c:/altera/12.1/nios2eds/bin/gnu/h-i686-mingw32/bin/../lib/gcc/nios2-elf/4.1.2/../../../../nios2-elf/lib/mno-hw-mul\libc.a(lib_a-fvwrite.o)
 .data          0x00043134        0x0 c:/altera/12.1/nios2eds/bin/gnu/h-i686-mingw32/bin/../lib/gcc/nios2-elf/4.1.2/../../../../nios2-elf/lib/mno-hw-mul\libc.a(lib_a-isattyr.o)
 .data          0x00043134        0x0 c:/altera/12.1/nios2eds/bin/gnu/h-i686-mingw32/bin/../lib/gcc/nios2-elf/4.1.2/../../../../nios2-elf/lib/mno-hw-mul\libc.a(lib_a-iswspace.o)
 .data          0x00043134        0xc c:/altera/12.1/nios2eds/bin/gnu/h-i686-mingw32/bin/../lib/gcc/nios2-elf/4.1.2/../../../../nios2-elf/lib/mno-hw-mul\libc.a(lib_a-locale.o)
                0x00043134                __lc_ctype
 .data          0x00043140        0x0 c:/altera/12.1/nios2eds/bin/gnu/h-i686-mingw32/bin/../lib/gcc/nios2-elf/4.1.2/../../../../nios2-elf/lib/mno-hw-mul\libc.a(lib_a-lseekr.o)
 .data          0x00043140        0x0 c:/altera/12.1/nios2eds/bin/gnu/h-i686-mingw32/bin/../lib/gcc/nios2-elf/4.1.2/../../../../nios2-elf/lib/mno-hw-mul\libc.a(lib_a-mbrtowc.o)
 .data          0x00043140        0x0 c:/altera/12.1/nios2eds/bin/gnu/h-i686-mingw32/bin/../lib/gcc/nios2-elf/4.1.2/../../../../nios2-elf/lib/mno-hw-mul\libc.a(lib_a-mbtowc_r.o)
 .data          0x00043140        0x0 c:/altera/12.1/nios2eds/bin/gnu/h-i686-mingw32/bin/../lib/gcc/nios2-elf/4.1.2/../../../../nios2-elf/lib/mno-hw-mul\libc.a(lib_a-memchr.o)
 .data          0x00043140        0x0 c:/altera/12.1/nios2eds/bin/gnu/h-i686-mingw32/bin/../lib/gcc/nios2-elf/4.1.2/../../../../nios2-elf/lib/mno-hw-mul\libc.a(lib_a-memmove.o)
 .data          0x00043140        0x0 c:/altera/12.1/nios2eds/bin/gnu/h-i686-mingw32/bin/../lib/gcc/nios2-elf/4.1.2/../../../../nios2-elf/lib/mno-hw-mul\libc.a(lib_a-mprec.o)
 .data          0x00043140        0x0 c:/altera/12.1/nios2eds/bin/gnu/h-i686-mingw32/bin/../lib/gcc/nios2-elf/4.1.2/../../../../nios2-elf/lib/mno-hw-mul\libc.a(lib_a-readr.o)
 .data          0x00043140        0x0 c:/altera/12.1/nios2eds/bin/gnu/h-i686-mingw32/bin/../lib/gcc/nios2-elf/4.1.2/../../../../nios2-elf/lib/mno-hw-mul\libc.a(lib_a-reallocr.o)
 .data          0x00043140        0x0 c:/altera/12.1/nios2eds/bin/gnu/h-i686-mingw32/bin/../lib/gcc/nios2-elf/4.1.2/../../../../nios2-elf/lib/mno-hw-mul\libc.a(lib_a-remove.o)
 .data          0x00043140        0x0 c:/altera/12.1/nios2eds/bin/gnu/h-i686-mingw32/bin/../lib/gcc/nios2-elf/4.1.2/../../../../nios2-elf/lib/mno-hw-mul\libc.a(lib_a-s_isinfd.o)
 .data          0x00043140        0x0 c:/altera/12.1/nios2eds/bin/gnu/h-i686-mingw32/bin/../lib/gcc/nios2-elf/4.1.2/../../../../nios2-elf/lib/mno-hw-mul\libc.a(lib_a-s_isnand.o)
 .data          0x00043140        0x0 c:/altera/12.1/nios2eds/bin/gnu/h-i686-mingw32/bin/../lib/gcc/nios2-elf/4.1.2/../../../../nios2-elf/lib/mno-hw-mul\libc.a(lib_a-sccl.o)
 .data          0x00043140        0x0 c:/altera/12.1/nios2eds/bin/gnu/h-i686-mingw32/bin/../lib/gcc/nios2-elf/4.1.2/../../../../nios2-elf/lib/mno-hw-mul\libc.a(lib_a-sf_nan.o)
 .data          0x00043140        0x0 c:/altera/12.1/nios2eds/bin/gnu/h-i686-mingw32/bin/../lib/gcc/nios2-elf/4.1.2/../../../../nios2-elf/lib/mno-hw-mul\libc.a(lib_a-signalr.o)
 .data          0x00043140       0x28 c:/altera/12.1/nios2eds/bin/gnu/h-i686-mingw32/bin/../lib/gcc/nios2-elf/4.1.2/../../../../nios2-elf/lib/mno-hw-mul\libc.a(lib_a-strtod.o)
 .data          0x00043168        0x0 c:/altera/12.1/nios2eds/bin/gnu/h-i686-mingw32/bin/../lib/gcc/nios2-elf/4.1.2/../../../../nios2-elf/lib/mno-hw-mul\libc.a(lib_a-strtol.o)
 .data          0x00043168        0x0 c:/altera/12.1/nios2eds/bin/gnu/h-i686-mingw32/bin/../lib/gcc/nios2-elf/4.1.2/../../../../nios2-elf/lib/mno-hw-mul\libc.a(lib_a-strtoll_r.o)
 .data          0x00043168        0x0 c:/altera/12.1/nios2eds/bin/gnu/h-i686-mingw32/bin/../lib/gcc/nios2-elf/4.1.2/../../../../nios2-elf/lib/mno-hw-mul\libc.a(lib_a-strtoul.o)
 .data          0x00043168        0x0 c:/altera/12.1/nios2eds/bin/gnu/h-i686-mingw32/bin/../lib/gcc/nios2-elf/4.1.2/../../../../nios2-elf/lib/mno-hw-mul\libc.a(lib_a-strtoull_r.o)
 .data          0x00043168        0x0 c:/altera/12.1/nios2eds/bin/gnu/h-i686-mingw32/bin/../lib/gcc/nios2-elf/4.1.2/../../../../nios2-elf/lib/mno-hw-mul\libc.a(lib_a-ungetc.o)
 .data          0x00043168        0x0 c:/altera/12.1/nios2eds/bin/gnu/h-i686-mingw32/bin/../lib/gcc/nios2-elf/4.1.2/../../../../nios2-elf/lib/mno-hw-mul\libc.a(lib_a-unlinkr.o)
 .data          0x00043168        0x0 c:/altera/12.1/nios2eds/bin/gnu/h-i686-mingw32/bin/../lib/gcc/nios2-elf/4.1.2/../../../../nios2-elf/lib/mno-hw-mul\libc.a(lib_a-callocr.o)
 .data          0x00043168        0x0 c:/altera/12.1/nios2eds/bin/gnu/h-i686-mingw32/bin/../lib/gcc/nios2-elf/4.1.2/../../../../nios2-elf/lib/mno-hw-mul\libc.a(lib_a-gdtoa-gethex.o)
 .data          0x00043168        0x0 c:/altera/12.1/nios2eds/bin/gnu/h-i686-mingw32/bin/../lib/gcc/nios2-elf/4.1.2/../../../../nios2-elf/lib/mno-hw-mul\libc.a(lib_a-gdtoa-hexnan.o)
 .data          0x00043168        0x0 c:/altera/12.1/nios2eds/bin/gnu/h-i686-mingw32/bin/../lib/gcc/nios2-elf/4.1.2/mno-hw-mul\libgcc.a(_fixunsdfsi.o)
 .data          0x00043168        0x0 c:/altera/12.1/nios2eds/bin/gnu/h-i686-mingw32/bin/../lib/gcc/nios2-elf/4.1.2/mno-hw-mul\libgcc.a(_udivdi3.o)
 .data          0x00043168        0x0 c:/altera/12.1/nios2eds/bin/gnu/h-i686-mingw32/bin/../lib/gcc/nios2-elf/4.1.2/mno-hw-mul\libgcc.a(_umoddi3.o)
 .data          0x00043168        0x0 c:/altera/12.1/nios2eds/bin/gnu/h-i686-mingw32/bin/../lib/gcc/nios2-elf/4.1.2/mno-hw-mul\libgcc.a(_ne_sf.o)
 .data          0x00043168        0x0 c:/altera/12.1/nios2eds/bin/gnu/h-i686-mingw32/bin/../lib/gcc/nios2-elf/4.1.2/mno-hw-mul\libgcc.a(_gt_sf.o)
 .data          0x00043168        0x0 c:/altera/12.1/nios2eds/bin/gnu/h-i686-mingw32/bin/../lib/gcc/nios2-elf/4.1.2/mno-hw-mul\libgcc.a(_lt_sf.o)
 .data          0x00043168        0x0 c:/altera/12.1/nios2eds/bin/gnu/h-i686-mingw32/bin/../lib/gcc/nios2-elf/4.1.2/mno-hw-mul\libgcc.a(_addsub_df.o)
 .data          0x00043168        0x0 c:/altera/12.1/nios2eds/bin/gnu/h-i686-mingw32/bin/../lib/gcc/nios2-elf/4.1.2/mno-hw-mul\libgcc.a(_eq_df.o)
 .data          0x00043168        0x0 c:/altera/12.1/nios2eds/bin/gnu/h-i686-mingw32/bin/../lib/gcc/nios2-elf/4.1.2/mno-hw-mul\libgcc.a(_ne_df.o)
 .data          0x00043168        0x0 c:/altera/12.1/nios2eds/bin/gnu/h-i686-mingw32/bin/../lib/gcc/nios2-elf/4.1.2/mno-hw-mul\libgcc.a(_gt_df.o)
 .data          0x00043168        0x0 c:/altera/12.1/nios2eds/bin/gnu/h-i686-mingw32/bin/../lib/gcc/nios2-elf/4.1.2/mno-hw-mul\libgcc.a(_ge_df.o)
 .data          0x00043168        0x0 c:/altera/12.1/nios2eds/bin/gnu/h-i686-mingw32/bin/../lib/gcc/nios2-elf/4.1.2/mno-hw-mul\libgcc.a(_lt_df.o)
 .data          0x00043168        0x0 c:/altera/12.1/nios2eds/bin/gnu/h-i686-mingw32/bin/../lib/gcc/nios2-elf/4.1.2/mno-hw-mul\libgcc.a(_le_df.o)
 .data          0x00043168        0x0 c:/altera/12.1/nios2eds/bin/gnu/h-i686-mingw32/bin/../lib/gcc/nios2-elf/4.1.2/mno-hw-mul\libgcc.a(_si_to_df.o)
 .data          0x00043168        0x0 c:/altera/12.1/nios2eds/bin/gnu/h-i686-mingw32/bin/../lib/gcc/nios2-elf/4.1.2/mno-hw-mul\libgcc.a(_df_to_si.o)
 .data          0x00043168        0x0 c:/altera/12.1/nios2eds/bin/gnu/h-i686-mingw32/bin/../lib/gcc/nios2-elf/4.1.2/mno-hw-mul\libgcc.a(_fpcmp_parts_sf.o)
 .data          0x00043168        0x0 c:/altera/12.1/nios2eds/bin/gnu/h-i686-mingw32/bin/../lib/gcc/nios2-elf/4.1.2/mno-hw-mul\libgcc.a(_fpcmp_parts_df.o)
 .data          0x00043168        0x0 ../JPEG_Encoder_bsp/\libhal_bsp.a(alt_close.o)
 .data          0x00043168      0x1a8 ../JPEG_Encoder_bsp/\libhal_bsp.a(alt_dev.o)
                0x00043168                alt_dev_null
                0x00043190                alt_fd_list
 .data          0x00043310        0x0 ../JPEG_Encoder_bsp/\libhal_bsp.a(alt_env_lock.o)
 .data          0x00043310        0x0 ../JPEG_Encoder_bsp/\libhal_bsp.a(alt_errno.o)
 .data          0x00043310        0x0 ../JPEG_Encoder_bsp/\libhal_bsp.a(alt_exit.o)
 .data          0x00043310        0x0 ../JPEG_Encoder_bsp/\libhal_bsp.a(alt_fstat.o)
 .data          0x00043310        0x0 ../JPEG_Encoder_bsp/\libhal_bsp.a(alt_getpid.o)
 .data          0x00043310        0x0 ../JPEG_Encoder_bsp/\libhal_bsp.a(alt_isatty.o)
 .data          0x00043310        0x0 ../JPEG_Encoder_bsp/\libhal_bsp.a(alt_kill.o)
 .data          0x00043310        0x0 ../JPEG_Encoder_bsp/\libhal_bsp.a(alt_load.o)
 .data          0x00043310        0x0 ../JPEG_Encoder_bsp/\libhal_bsp.a(alt_lseek.o)
 .data          0x00043310        0x0 ../JPEG_Encoder_bsp/\libhal_bsp.a(alt_main.o)
 .data          0x00043310        0x0 ../JPEG_Encoder_bsp/\libhal_bsp.a(alt_malloc_lock.o)
 .data          0x00043310        0x0 ../JPEG_Encoder_bsp/\libhal_bsp.a(alt_open.o)
 .data          0x00043310        0x0 ../JPEG_Encoder_bsp/\libhal_bsp.a(alt_read.o)
 .data          0x00043310        0x0 ../JPEG_Encoder_bsp/\libhal_bsp.a(alt_release_fd.o)
 .data          0x00043310        0x0 ../JPEG_Encoder_bsp/\libhal_bsp.a(alt_sbrk.o)
 .data          0x00043310        0x0 ../JPEG_Encoder_bsp/\libhal_bsp.a(alt_unlink.o)
 .data          0x00043310        0x0 ../JPEG_Encoder_bsp/\libhal_bsp.a(alt_usleep.o)
 .data          0x00043310        0x0 ../JPEG_Encoder_bsp/\libhal_bsp.a(alt_write.o)
 .data          0x00043310     0x1088 ../JPEG_Encoder_bsp/\libhal_bsp.a(alt_sys_init.o)
 .data          0x00044398        0x0 ../JPEG_Encoder_bsp/\libhal_bsp.a(altera_avalon_jtag_uart_fd.o)
 .data          0x00044398        0x0 ../JPEG_Encoder_bsp/\libhal_bsp.a(altera_avalon_jtag_uart_init.o)
 .data          0x00044398        0x0 ../JPEG_Encoder_bsp/\libhal_bsp.a(altera_avalon_jtag_uart_ioctl.o)
 .data          0x00044398        0x0 ../JPEG_Encoder_bsp/\libhal_bsp.a(altera_avalon_jtag_uart_read.o)
 .data          0x00044398        0x0 ../JPEG_Encoder_bsp/\libhal_bsp.a(altera_avalon_jtag_uart_write.o)
 .data          0x00044398        0x0 ../JPEG_Encoder_bsp/\libhal_bsp.a(altera_avalon_timer_sc.o)
 .data          0x00044398        0x0 ../JPEG_Encoder_bsp/\libhal_bsp.a(altera_hostfs.o)
 .data          0x00044398        0x0 ../JPEG_Encoder_bsp/\libhal_bsp.a(alt_alarm_start.o)
 .data          0x00044398        0x0 ../JPEG_Encoder_bsp/\libhal_bsp.a(alt_busy_sleep.o)
 .data          0x00044398        0x0 ../JPEG_Encoder_bsp/\libhal_bsp.a(alt_dcache_flush_all.o)
 .data          0x00044398        0x0 ../JPEG_Encoder_bsp/\libhal_bsp.a(alt_dev_llist_insert.o)
 .data          0x00044398        0x0 ../JPEG_Encoder_bsp/\libhal_bsp.a(alt_do_ctors.o)
 .data          0x00044398        0x0 ../JPEG_Encoder_bsp/\libhal_bsp.a(alt_do_dtors.o)
 .data          0x00044398        0x0 ../JPEG_Encoder_bsp/\libhal_bsp.a(alt_find_dev.o)
 .data          0x00044398        0x0 ../JPEG_Encoder_bsp/\libhal_bsp.a(alt_find_file.o)
 .data          0x00044398        0x0 ../JPEG_Encoder_bsp/\libhal_bsp.a(alt_fs_reg.o)
 .data          0x00044398        0x0 ../JPEG_Encoder_bsp/\libhal_bsp.a(alt_get_fd.o)
 .data          0x00044398        0x0 ../JPEG_Encoder_bsp/\libhal_bsp.a(alt_icache_flush_all.o)
 .data          0x00044398        0x0 ../JPEG_Encoder_bsp/\libhal_bsp.a(alt_iic.o)
 .data          0x00044398        0x0 ../JPEG_Encoder_bsp/\libhal_bsp.a(alt_iic_isr_register.o)
 .data          0x00044398        0x0 ../JPEG_Encoder_bsp/\libhal_bsp.a(alt_io_redirect.o)
 .data          0x00044398        0x0 ../JPEG_Encoder_bsp/\libhal_bsp.a(alt_irq_entry.o)
 .data          0x00044398        0x0 ../JPEG_Encoder_bsp/\libhal_bsp.a(alt_irq_handler.o)
 .data          0x00044398        0x0 ../JPEG_Encoder_bsp/\libhal_bsp.a(alt_irq_vars.o)
 .data          0x00044398        0x0 ../JPEG_Encoder_bsp/\libhal_bsp.a(alt_tick.o)
 .data          0x00044398        0x0 ../JPEG_Encoder_bsp/\libhal_bsp.a(altera_nios2_qsys_irq.o)
 .data          0x00044398        0x0 ../JPEG_Encoder_bsp/\libhal_bsp.a(alt_exception_entry.o)
 .data          0x00044398        0x0 ../JPEG_Encoder_bsp/\libhal_bsp.a(alt_icache_flush.o)
 .data          0x00044398        0x0 c:/altera/12.1/nios2eds/bin/gnu/h-i686-mingw32/bin/../lib/gcc/nios2-elf/4.1.2/../../../../nios2-elf/lib/mno-hw-mul\libc.a(lib_a-atexit.o)
 .data          0x00044398        0x0 c:/altera/12.1/nios2eds/bin/gnu/h-i686-mingw32/bin/../lib/gcc/nios2-elf/4.1.2/../../../../nios2-elf/lib/mno-hw-mul\libc.a(lib_a-memcmp.o)
 .data          0x00044398        0x0 c:/altera/12.1/nios2eds/bin/gnu/h-i686-mingw32/bin/../lib/gcc/nios2-elf/4.1.2/../../../../nios2-elf/lib/mno-hw-mul\libc.a(lib_a-__atexit.o)
                0x0004c398                _gp = ABSOLUTE ((. + 0x8000))
                0x0004c398                PROVIDE (gp, _gp)
 *(.rwdata .rwdata.*)
 *(.sdata .sdata.* .gnu.linkonce.s.*)
 .sdata         0x00044398       0x10 obj/default/application/jpegclib/jmemmgr.o
 .sdata         0x000443a8        0x4 c:/altera/12.1/nios2eds/bin/gnu/h-i686-mingw32/bin/../lib/gcc/nios2-elf/4.1.2/../../../../nios2-elf/lib/mno-hw-mul\libc.a(lib_a-ctype_.o)
                0x000443a8                __ctype_ptr
 .sdata         0x000443ac        0x8 c:/altera/12.1/nios2eds/bin/gnu/h-i686-mingw32/bin/../lib/gcc/nios2-elf/4.1.2/../../../../nios2-elf/lib/mno-hw-mul\libc.a(lib_a-impure.o)
                0x000443ac                _impure_ptr
                0x000443b0                _global_impure_ptr
 .sdata         0x000443b4        0x8 c:/altera/12.1/nios2eds/bin/gnu/h-i686-mingw32/bin/../lib/gcc/nios2-elf/4.1.2/../../../../nios2-elf/lib/mno-hw-mul\libc.a(lib_a-mallocr.o)
                0x000443b4                __malloc_trim_threshold
                0x000443b8                __malloc_sbrk_base
 .sdata         0x000443bc        0x4 c:/altera/12.1/nios2eds/bin/gnu/h-i686-mingw32/bin/../lib/gcc/nios2-elf/4.1.2/../../../../nios2-elf/lib/mno-hw-mul\libc.a(lib_a-environ.o)
                0x000443bc                environ
 .sdata         0x000443c0        0x8 c:/altera/12.1/nios2eds/bin/gnu/h-i686-mingw32/bin/../lib/gcc/nios2-elf/4.1.2/../../../../nios2-elf/lib/mno-hw-mul\libc.a(lib_a-locale.o)
                0x000443c0                __mb_cur_max
 .sdata         0x000443c8       0x14 ../JPEG_Encoder_bsp/\libhal_bsp.a(alt_dev.o)
                0x000443c8                alt_fs_list
                0x000443d0                alt_dev_list
                0x000443d8                alt_max_fd
 .sdata         0x000443dc        0x4 ../JPEG_Encoder_bsp/\libhal_bsp.a(alt_errno.o)
                0x000443dc                alt_errno
 .sdata         0x000443e0        0x4 ../JPEG_Encoder_bsp/\libhal_bsp.a(alt_sbrk.o)
 .sdata         0x000443e4       0x48 ../JPEG_Encoder_bsp/\libhal_bsp.a(altera_hostfs.o)
 .sdata         0x0004442c        0x4 ../JPEG_Encoder_bsp/\libhal_bsp.a(alt_irq_vars.o)
                0x0004442c                alt_priority_mask
 .sdata         0x00044430        0x8 ../JPEG_Encoder_bsp/\libhal_bsp.a(alt_tick.o)
                0x00044430                alt_alarm_list
 *(.sdata2 .sdata2.* .gnu.linkonce.s2.*)
                0x00044438                . = ALIGN (0x4)
                0x00044438                _edata = ABSOLUTE (.)
                0x00044438                PROVIDE (edata, ABSOLUTE (.))
                0x00044438                PROVIDE (__ram_rwdata_end, ABSOLUTE (.))
                0x00044438                PROVIDE (__flash_rwdata_start, LOADADDR (.rwdata))

.bss            0x00045f44  0x4000428
                0x00045f44                __bss_start = ABSOLUTE (.)
                0x00045f44                PROVIDE (__sbss_start, ABSOLUTE (.))
                0x00045f44                PROVIDE (___sbss_start, ABSOLUTE (.))
 *(.dynsbss)
 *(.sbss .sbss.* .gnu.linkonce.sb.*)
 .sbss          0x00045f44        0x1 obj/default/jpeg_encoder.o
 *fill*         0x00045f45        0x3 00
 .sbss          0x00045f48        0x4 c:/altera/12.1/nios2eds/bin/gnu/h-i686-mingw32/bin/../lib/gcc/nios2-elf/4.1.2/../../../../nios2-elf/lib/mno-hw-mul\libc.a(lib_a-int_errno.o)
                0x00045f48                errno
 .sbss          0x00045f4c        0xc c:/altera/12.1/nios2eds/bin/gnu/h-i686-mingw32/bin/../lib/gcc/nios2-elf/4.1.2/../../../../nios2-elf/lib/mno-hw-mul\libc.a(lib_a-mallocr.o)
                0x00045f4c                __malloc_top_pad
                0x00045f50                __malloc_max_sbrked_mem
                0x00045f54                __malloc_max_total_mem
 .sbss          0x00045f58        0x4 c:/altera/12.1/nios2eds/bin/gnu/h-i686-mingw32/bin/../lib/gcc/nios2-elf/4.1.2/../../../../nios2-elf/lib/mno-hw-mul\libc.a(lib_a-environ.o)